EJECUCION politica=prioridad objetivo=200
TEMPORAL transiciones=[false, true, false, true, true, false, true, false, true, true, true, false]
ALFA millis=[0, 60, 0, 90, 90, 0, 100, 0, 90, 90, 90, 0]
BETA millis=[0, 600, 0, 900, 900, 0, 1000, 0, 900, 900, 900, 0]
FORMATO idToken=<id> disparada=T<transicion>
FORMATO idToken=<id> INVARIANTE modo=<modo> camino=<camino> completo=true

idToken=1 disparada=T0
idToken=1 disparada=T1
idToken=1 disparada=T5
idToken=2 disparada=T0
idToken=2 disparada=T1
idToken=3 disparada=T0
idToken=1 disparada=T6
idToken=2 disparada=T7
idToken=1 disparada=T11
idToken=1 INVARIANTE modo=SIMPLE camino=T0,T1,T5,T6,T11 completo=true
idToken=3 disparada=T1
idToken=4 disparada=T0
idToken=4 disparada=T1
idToken=5 disparada=T0
idToken=2 disparada=T8
idToken=5 disparada=T1
idToken=6 disparada=T0
idToken=2 disparada=T9
idToken=6 disparada=T1
idToken=7 disparada=T0
idToken=7 disparada=T1
idToken=8 disparada=T0
idToken=2 disparada=T10
idToken=3 disparada=T5
idToken=2 disparada=T11
idToken=2 INVARIANTE modo=ALTO camino=T0,T1,T7,T8,T9,T10,T11 completo=true
idToken=8 disparada=T1
idToken=9 disparada=T0
idToken=3 disparada=T6
idToken=3 disparada=T11
idToken=3 INVARIANTE modo=SIMPLE camino=T0,T1,T5,T6,T11 completo=true
idToken=4 disparada=T5
idToken=9 disparada=T1
idToken=10 disparada=T0
idToken=10 disparada=T1
idToken=11 disparada=T0
idToken=4 disparada=T6
idToken=5 disparada=T7
idToken=4 disparada=T11
idToken=4 INVARIANTE modo=SIMPLE camino=T0,T1,T5,T6,T11 completo=true
idToken=11 disparada=T1
idToken=12 disparada=T0
idToken=5 disparada=T8
idToken=12 disparada=T1
idToken=13 disparada=T0
idToken=13 disparada=T1
idToken=14 disparada=T0
idToken=5 disparada=T9
idToken=14 disparada=T1
idToken=15 disparada=T0
idToken=5 disparada=T10
idToken=6 disparada=T5
idToken=5 disparada=T11
idToken=5 INVARIANTE modo=ALTO camino=T0,T1,T7,T8,T9,T10,T11 completo=true
idToken=15 disparada=T1
idToken=16 disparada=T0
idToken=16 disparada=T1
idToken=17 disparada=T0
idToken=6 disparada=T6
idToken=6 disparada=T11
idToken=6 INVARIANTE modo=SIMPLE camino=T0,T1,T5,T6,T11 completo=true
idToken=7 disparada=T5
idToken=17 disparada=T1
idToken=18 disparada=T0
idToken=18 disparada=T1
idToken=19 disparada=T0
idToken=7 disparada=T6
idToken=7 disparada=T11
idToken=7 INVARIANTE modo=SIMPLE camino=T0,T1,T5,T6,T11 completo=true
idToken=8 disparada=T5
idToken=19 disparada=T1
idToken=20 disparada=T0
idToken=8 disparada=T6
idToken=9 disparada=T7
idToken=8 disparada=T11
idToken=8 INVARIANTE modo=SIMPLE camino=T0,T1,T5,T6,T11 completo=true
idToken=20 disparada=T1
idToken=21 disparada=T0
idToken=21 disparada=T1
idToken=22 disparada=T0
idToken=9 disparada=T8
idToken=22 disparada=T1
idToken=23 disparada=T0
idToken=9 disparada=T9
idToken=23 disparada=T1
idToken=24 disparada=T0
idToken=24 disparada=T1
idToken=25 disparada=T0
idToken=9 disparada=T10
idToken=10 disparada=T5
idToken=9 disparada=T11
idToken=9 INVARIANTE modo=ALTO camino=T0,T1,T7,T8,T9,T10,T11 completo=true
idToken=25 disparada=T1
idToken=26 disparada=T0
idToken=26 disparada=T1
idToken=27 disparada=T0
idToken=10 disparada=T6
idToken=11 disparada=T2
idToken=10 disparada=T11
idToken=10 INVARIANTE modo=SIMPLE camino=T0,T1,T5,T6,T11 completo=true
idToken=27 disparada=T1
idToken=28 disparada=T0
idToken=11 disparada=T3
idToken=28 disparada=T1
idToken=29 disparada=T0
idToken=29 disparada=T1
idToken=30 disparada=T0
idToken=11 disparada=T4
idToken=12 disparada=T5
idToken=11 disparada=T11
idToken=11 INVARIANTE modo=MEDIO camino=T0,T1,T2,T3,T4,T11 completo=true
idToken=30 disparada=T1
idToken=31 disparada=T0
idToken=12 disparada=T6
idToken=12 disparada=T11
idToken=12 INVARIANTE modo=SIMPLE camino=T0,T1,T5,T6,T11 completo=true
idToken=13 disparada=T5
idToken=31 disparada=T1
idToken=32 disparada=T0
idToken=32 disparada=T1
idToken=33 disparada=T0
idToken=13 disparada=T6
idToken=14 disparada=T2
idToken=13 disparada=T11
idToken=13 INVARIANTE modo=SIMPLE camino=T0,T1,T5,T6,T11 completo=true
idToken=33 disparada=T1
idToken=34 disparada=T0
idToken=14 disparada=T3
idToken=34 disparada=T1
idToken=35 disparada=T0
idToken=35 disparada=T1
idToken=36 disparada=T0
idToken=14 disparada=T4
idToken=15 disparada=T5
idToken=14 disparada=T11
idToken=14 INVARIANTE modo=MEDIO camino=T0,T1,T2,T3,T4,T11 completo=true
idToken=36 disparada=T1
idToken=37 disparada=T0
idToken=37 disparada=T1
idToken=38 disparada=T0
idToken=15 disparada=T6
idToken=16 disparada=T2
idToken=15 disparada=T11
idToken=15 INVARIANTE modo=SIMPLE camino=T0,T1,T5,T6,T11 completo=true
idToken=38 disparada=T1
idToken=39 disparada=T0
idToken=16 disparada=T3
idToken=39 disparada=T1
idToken=40 disparada=T0
idToken=40 disparada=T1
idToken=16 disparada=T4
idToken=17 disparada=T5
idToken=41 disparada=T0
idToken=16 disparada=T11
idToken=16 INVARIANTE modo=MEDIO camino=T0,T1,T2,T3,T4,T11 completo=true
idToken=41 disparada=T1
idToken=42 disparada=T0
idToken=17 disparada=T6
idToken=18 disparada=T2
idToken=17 disparada=T11
idToken=17 INVARIANTE modo=SIMPLE camino=T0,T1,T5,T6,T11 completo=true
idToken=42 disparada=T1
idToken=43 disparada=T0
idToken=43 disparada=T1
idToken=44 disparada=T0
idToken=18 disparada=T3
idToken=44 disparada=T1
idToken=45 disparada=T0
idToken=18 disparada=T4
idToken=19 disparada=T5
idToken=18 disparada=T11
idToken=18 INVARIANTE modo=MEDIO camino=T0,T1,T2,T3,T4,T11 completo=true
idToken=45 disparada=T1
idToken=46 disparada=T0
idToken=46 disparada=T1
idToken=47 disparada=T0
idToken=19 disparada=T6
idToken=20 disparada=T7
idToken=19 disparada=T11
idToken=19 INVARIANTE modo=SIMPLE camino=T0,T1,T5,T6,T11 completo=true
idToken=47 disparada=T1
idToken=48 disparada=T0
idToken=20 disparada=T8
idToken=48 disparada=T1
idToken=49 disparada=T0
idToken=49 disparada=T1
idToken=50 disparada=T0
idToken=20 disparada=T9
idToken=50 disparada=T1
idToken=51 disparada=T0
idToken=20 disparada=T10
idToken=21 disparada=T5
idToken=20 disparada=T11
idToken=20 INVARIANTE modo=ALTO camino=T0,T1,T7,T8,T9,T10,T11 completo=true
idToken=51 disparada=T1
idToken=52 disparada=T0
idToken=52 disparada=T1
idToken=53 disparada=T0
idToken=21 disparada=T6
idToken=22 disparada=T2
idToken=21 disparada=T11
idToken=21 INVARIANTE modo=SIMPLE camino=T0,T1,T5,T6,T11 completo=true
idToken=53 disparada=T1
idToken=54 disparada=T0
idToken=22 disparada=T3
idToken=54 disparada=T1
idToken=55 disparada=T0
idToken=55 disparada=T1
idToken=56 disparada=T0
idToken=22 disparada=T4
idToken=23 disparada=T5
idToken=22 disparada=T11
idToken=22 INVARIANTE modo=MEDIO camino=T0,T1,T2,T3,T4,T11 completo=true
idToken=56 disparada=T1
idToken=57 disparada=T0
idToken=57 disparada=T1
idToken=58 disparada=T0
idToken=23 disparada=T6
idToken=24 disparada=T2
idToken=23 disparada=T11
idToken=23 INVARIANTE modo=SIMPLE camino=T0,T1,T5,T6,T11 completo=true
idToken=58 disparada=T1
idToken=59 disparada=T0
idToken=24 disparada=T3
idToken=59 disparada=T1
idToken=60 disparada=T0
idToken=60 disparada=T1
idToken=61 disparada=T0
idToken=24 disparada=T4
idToken=25 disparada=T5
idToken=24 disparada=T11
idToken=24 INVARIANTE modo=MEDIO camino=T0,T1,T2,T3,T4,T11 completo=true
idToken=61 disparada=T1
idToken=62 disparada=T0
idToken=25 disparada=T6
idToken=26 disparada=T7
idToken=25 disparada=T11
idToken=25 INVARIANTE modo=SIMPLE camino=T0,T1,T5,T6,T11 completo=true
idToken=62 disparada=T1
idToken=63 disparada=T0
idToken=63 disparada=T1
idToken=64 disparada=T0
idToken=26 disparada=T8
idToken=64 disparada=T1
idToken=65 disparada=T0
idToken=26 disparada=T9
idToken=65 disparada=T1
idToken=66 disparada=T0
idToken=66 disparada=T1
idToken=67 disparada=T0
idToken=26 disparada=T10
idToken=27 disparada=T5
idToken=26 disparada=T11
idToken=26 INVARIANTE modo=ALTO camino=T0,T1,T7,T8,T9,T10,T11 completo=true
idToken=67 disparada=T1
idToken=68 disparada=T0
idToken=27 disparada=T6
idToken=28 disparada=T2
idToken=27 disparada=T11
idToken=27 INVARIANTE modo=SIMPLE camino=T0,T1,T5,T6,T11 completo=true
idToken=68 disparada=T1
idToken=69 disparada=T0
idToken=69 disparada=T1
idToken=70 disparada=T0
idToken=28 disparada=T3
idToken=70 disparada=T1
idToken=71 disparada=T0
idToken=28 disparada=T4
idToken=29 disparada=T5
idToken=28 disparada=T11
idToken=28 INVARIANTE modo=MEDIO camino=T0,T1,T2,T3,T4,T11 completo=true
idToken=71 disparada=T1
idToken=72 disparada=T0
idToken=72 disparada=T1
idToken=73 disparada=T0
idToken=29 disparada=T6
idToken=30 disparada=T7
idToken=29 disparada=T11
idToken=29 INVARIANTE modo=SIMPLE camino=T0,T1,T5,T6,T11 completo=true
idToken=73 disparada=T1
idToken=74 disparada=T0
idToken=30 disparada=T8
idToken=74 disparada=T1
idToken=75 disparada=T0
idToken=75 disparada=T1
idToken=76 disparada=T0
idToken=30 disparada=T9
idToken=76 disparada=T1
idToken=77 disparada=T0
idToken=30 disparada=T10
idToken=31 disparada=T5
idToken=30 disparada=T11
idToken=30 INVARIANTE modo=ALTO camino=T0,T1,T7,T8,T9,T10,T11 completo=true
idToken=77 disparada=T1
idToken=78 disparada=T0
idToken=78 disparada=T1
idToken=79 disparada=T0
idToken=31 disparada=T6
idToken=32 disparada=T2
idToken=31 disparada=T11
idToken=31 INVARIANTE modo=SIMPLE camino=T0,T1,T5,T6,T11 completo=true
idToken=79 disparada=T1
idToken=80 disparada=T0
idToken=32 disparada=T3
idToken=80 disparada=T1
idToken=81 disparada=T0
idToken=81 disparada=T1
idToken=82 disparada=T0
idToken=32 disparada=T4
idToken=33 disparada=T5
idToken=32 disparada=T11
idToken=32 INVARIANTE modo=MEDIO camino=T0,T1,T2,T3,T4,T11 completo=true
idToken=82 disparada=T1
idToken=83 disparada=T0
idToken=83 disparada=T1
idToken=84 disparada=T0
idToken=33 disparada=T6
idToken=34 disparada=T7
idToken=33 disparada=T11
idToken=33 INVARIANTE modo=SIMPLE camino=T0,T1,T5,T6,T11 completo=true
idToken=84 disparada=T1
idToken=85 disparada=T0
idToken=34 disparada=T8
idToken=85 disparada=T1
idToken=86 disparada=T0
idToken=86 disparada=T1
idToken=87 disparada=T0
idToken=34 disparada=T9
idToken=87 disparada=T1
idToken=88 disparada=T0
idToken=34 disparada=T10
idToken=35 disparada=T5
idToken=34 disparada=T11
idToken=34 INVARIANTE modo=ALTO camino=T0,T1,T7,T8,T9,T10,T11 completo=true
idToken=88 disparada=T1
idToken=89 disparada=T0
idToken=89 disparada=T1
idToken=90 disparada=T0
idToken=35 disparada=T6
idToken=36 disparada=T7
idToken=35 disparada=T11
idToken=35 INVARIANTE modo=SIMPLE camino=T0,T1,T5,T6,T11 completo=true
idToken=90 disparada=T1
idToken=91 disparada=T0
idToken=36 disparada=T8
idToken=91 disparada=T1
idToken=92 disparada=T0
idToken=92 disparada=T1
idToken=93 disparada=T0
idToken=36 disparada=T9
idToken=93 disparada=T1
idToken=94 disparada=T0
idToken=36 disparada=T10
idToken=37 disparada=T5
idToken=36 disparada=T11
idToken=36 INVARIANTE modo=ALTO camino=T0,T1,T7,T8,T9,T10,T11 completo=true
idToken=94 disparada=T1
idToken=95 disparada=T0
idToken=95 disparada=T1
idToken=96 disparada=T0
idToken=37 disparada=T6
idToken=38 disparada=T2
idToken=37 disparada=T11
idToken=37 INVARIANTE modo=SIMPLE camino=T0,T1,T5,T6,T11 completo=true
idToken=96 disparada=T1
idToken=97 disparada=T0
idToken=38 disparada=T3
idToken=97 disparada=T1
idToken=98 disparada=T0
idToken=98 disparada=T1
idToken=99 disparada=T0
idToken=38 disparada=T4
idToken=39 disparada=T5
idToken=38 disparada=T11
idToken=38 INVARIANTE modo=MEDIO camino=T0,T1,T2,T3,T4,T11 completo=true
idToken=99 disparada=T1
idToken=100 disparada=T0
idToken=100 disparada=T1
idToken=101 disparada=T0
idToken=39 disparada=T6
idToken=40 disparada=T2
idToken=39 disparada=T11
idToken=39 INVARIANTE modo=SIMPLE camino=T0,T1,T5,T6,T11 completo=true
idToken=101 disparada=T1
idToken=102 disparada=T0
idToken=40 disparada=T3
idToken=102 disparada=T1
idToken=103 disparada=T0
idToken=103 disparada=T1
idToken=40 disparada=T4
idToken=41 disparada=T5
idToken=40 disparada=T11
idToken=40 INVARIANTE modo=MEDIO camino=T0,T1,T2,T3,T4,T11 completo=true
idToken=104 disparada=T0
idToken=104 disparada=T1
idToken=105 disparada=T0
idToken=41 disparada=T6
idToken=42 disparada=T2
idToken=41 disparada=T11
idToken=41 INVARIANTE modo=SIMPLE camino=T0,T1,T5,T6,T11 completo=true
idToken=105 disparada=T1
idToken=106 disparada=T0
idToken=106 disparada=T1
idToken=107 disparada=T0
idToken=42 disparada=T3
idToken=107 disparada=T1
idToken=108 disparada=T0
idToken=42 disparada=T4
idToken=43 disparada=T5
idToken=42 disparada=T11
idToken=42 INVARIANTE modo=MEDIO camino=T0,T1,T2,T3,T4,T11 completo=true
idToken=108 disparada=T1
idToken=109 disparada=T0
idToken=109 disparada=T1
idToken=110 disparada=T0
idToken=43 disparada=T6
idToken=44 disparada=T2
idToken=43 disparada=T11
idToken=43 INVARIANTE modo=SIMPLE camino=T0,T1,T5,T6,T11 completo=true
idToken=110 disparada=T1
idToken=111 disparada=T0
idToken=44 disparada=T3
idToken=111 disparada=T1
idToken=112 disparada=T0
idToken=112 disparada=T1
idToken=113 disparada=T0
idToken=44 disparada=T4
idToken=45 disparada=T5
idToken=44 disparada=T11
idToken=44 INVARIANTE modo=MEDIO camino=T0,T1,T2,T3,T4,T11 completo=true
idToken=113 disparada=T1
idToken=114 disparada=T0
idToken=45 disparada=T6
idToken=45 disparada=T11
idToken=45 INVARIANTE modo=SIMPLE camino=T0,T1,T5,T6,T11 completo=true
idToken=46 disparada=T5
idToken=114 disparada=T1
idToken=115 disparada=T0
idToken=115 disparada=T1
idToken=116 disparada=T0
idToken=46 disparada=T6
idToken=47 disparada=T7
idToken=46 disparada=T11
idToken=46 INVARIANTE modo=SIMPLE camino=T0,T1,T5,T6,T11 completo=true
idToken=116 disparada=T1
idToken=117 disparada=T0
idToken=117 disparada=T1
idToken=118 disparada=T0
idToken=47 disparada=T8
idToken=118 disparada=T1
idToken=119 disparada=T0
idToken=47 disparada=T9
idToken=119 disparada=T1
idToken=120 disparada=T0
idToken=120 disparada=T1
idToken=121 disparada=T0
idToken=47 disparada=T10
idToken=48 disparada=T5
idToken=47 disparada=T11
idToken=47 INVARIANTE modo=ALTO camino=T0,T1,T7,T8,T9,T10,T11 completo=true
idToken=121 disparada=T1
idToken=122 disparada=T0
idToken=48 disparada=T6
idToken=49 disparada=T2
idToken=48 disparada=T11
idToken=48 INVARIANTE modo=SIMPLE camino=T0,T1,T5,T6,T11 completo=true
idToken=122 disparada=T1
idToken=123 disparada=T0
idToken=123 disparada=T1
idToken=124 disparada=T0
idToken=49 disparada=T3
idToken=124 disparada=T1
idToken=125 disparada=T0
idToken=49 disparada=T4
idToken=50 disparada=T5
idToken=49 disparada=T11
idToken=49 INVARIANTE modo=MEDIO camino=T0,T1,T2,T3,T4,T11 completo=true
idToken=125 disparada=T1
idToken=126 disparada=T0
idToken=126 disparada=T1
idToken=127 disparada=T0
idToken=50 disparada=T6
idToken=51 disparada=T2
idToken=50 disparada=T11
idToken=50 INVARIANTE modo=SIMPLE camino=T0,T1,T5,T6,T11 completo=true
idToken=127 disparada=T1
idToken=128 disparada=T0
idToken=51 disparada=T3
idToken=128 disparada=T1
idToken=129 disparada=T0
idToken=129 disparada=T1
idToken=130 disparada=T0
idToken=51 disparada=T4
idToken=52 disparada=T5
idToken=51 disparada=T11
idToken=51 INVARIANTE modo=MEDIO camino=T0,T1,T2,T3,T4,T11 completo=true
idToken=130 disparada=T1
idToken=131 disparada=T0
idToken=131 disparada=T1
idToken=132 disparada=T0
idToken=52 disparada=T6
idToken=53 disparada=T2
idToken=52 disparada=T11
idToken=52 INVARIANTE modo=SIMPLE camino=T0,T1,T5,T6,T11 completo=true
idToken=132 disparada=T1
idToken=133 disparada=T0
idToken=53 disparada=T3
idToken=133 disparada=T1
idToken=134 disparada=T0
idToken=134 disparada=T1
idToken=135 disparada=T0
idToken=53 disparada=T4
idToken=54 disparada=T5
idToken=53 disparada=T11
idToken=53 INVARIANTE modo=MEDIO camino=T0,T1,T2,T3,T4,T11 completo=true
idToken=135 disparada=T1
idToken=136 disparada=T0
idToken=54 disparada=T6
idToken=55 disparada=T7
idToken=54 disparada=T11
idToken=54 INVARIANTE modo=SIMPLE camino=T0,T1,T5,T6,T11 completo=true
idToken=136 disparada=T1
idToken=137 disparada=T0
idToken=137 disparada=T1
idToken=138 disparada=T0
idToken=55 disparada=T8
idToken=138 disparada=T1
idToken=139 disparada=T0
idToken=55 disparada=T9
idToken=139 disparada=T1
idToken=140 disparada=T0
idToken=140 disparada=T1
idToken=141 disparada=T0
idToken=55 disparada=T10
idToken=56 disparada=T5
idToken=55 disparada=T11
idToken=55 INVARIANTE modo=ALTO camino=T0,T1,T7,T8,T9,T10,T11 completo=true
idToken=141 disparada=T1
idToken=142 disparada=T0
idToken=56 disparada=T6
idToken=57 disparada=T7
idToken=56 disparada=T11
idToken=56 INVARIANTE modo=SIMPLE camino=T0,T1,T5,T6,T11 completo=true
idToken=142 disparada=T1
idToken=143 disparada=T0
idToken=143 disparada=T1
idToken=144 disparada=T0
idToken=57 disparada=T8
idToken=144 disparada=T1
idToken=145 disparada=T0
idToken=57 disparada=T9
idToken=145 disparada=T1
idToken=146 disparada=T0
idToken=146 disparada=T1
idToken=147 disparada=T0
idToken=57 disparada=T10
idToken=58 disparada=T5
idToken=57 disparada=T11
idToken=57 INVARIANTE modo=ALTO camino=T0,T1,T7,T8,T9,T10,T11 completo=true
idToken=147 disparada=T1
idToken=148 disparada=T0
idToken=58 disparada=T6
idToken=58 disparada=T11
idToken=58 INVARIANTE modo=SIMPLE camino=T0,T1,T5,T6,T11 completo=true
idToken=59 disparada=T5
idToken=148 disparada=T1
idToken=149 disparada=T0
idToken=149 disparada=T1
idToken=150 disparada=T0
idToken=59 disparada=T6
idToken=60 disparada=T2
idToken=59 disparada=T11
idToken=59 INVARIANTE modo=SIMPLE camino=T0,T1,T5,T6,T11 completo=true
idToken=150 disparada=T1
idToken=151 disparada=T0
idToken=151 disparada=T1
idToken=152 disparada=T0
idToken=60 disparada=T3
idToken=152 disparada=T1
idToken=153 disparada=T0
idToken=60 disparada=T4
idToken=61 disparada=T5
idToken=60 disparada=T11
idToken=60 INVARIANTE modo=MEDIO camino=T0,T1,T2,T3,T4,T11 completo=true
idToken=153 disparada=T1
idToken=154 disparada=T0
idToken=154 disparada=T1
idToken=155 disparada=T0
idToken=61 disparada=T6
idToken=61 disparada=T11
idToken=61 INVARIANTE modo=SIMPLE camino=T0,T1,T5,T6,T11 completo=true
idToken=62 disparada=T5
idToken=155 disparada=T1
idToken=156 disparada=T0
idToken=62 disparada=T6
idToken=63 disparada=T7
idToken=62 disparada=T11
idToken=62 INVARIANTE modo=SIMPLE camino=T0,T1,T5,T6,T11 completo=true
idToken=156 disparada=T1
idToken=157 disparada=T0
idToken=157 disparada=T1
idToken=158 disparada=T0
idToken=63 disparada=T8
idToken=158 disparada=T1
idToken=159 disparada=T0
idToken=63 disparada=T9
idToken=159 disparada=T1
idToken=160 disparada=T0
idToken=160 disparada=T1
idToken=161 disparada=T0
idToken=63 disparada=T10
idToken=64 disparada=T5
idToken=63 disparada=T11
idToken=63 INVARIANTE modo=ALTO camino=T0,T1,T7,T8,T9,T10,T11 completo=true
idToken=161 disparada=T1
idToken=162 disparada=T0
idToken=162 disparada=T1
idToken=163 disparada=T0
idToken=64 disparada=T6
idToken=64 disparada=T11
idToken=64 INVARIANTE modo=SIMPLE camino=T0,T1,T5,T6,T11 completo=true
idToken=65 disparada=T5
idToken=163 disparada=T1
idToken=164 disparada=T0
idToken=65 disparada=T6
idToken=65 disparada=T11
idToken=65 INVARIANTE modo=SIMPLE camino=T0,T1,T5,T6,T11 completo=true
idToken=66 disparada=T5
idToken=164 disparada=T1
idToken=165 disparada=T0
idToken=165 disparada=T1
idToken=166 disparada=T0
idToken=66 disparada=T6
idToken=67 disparada=T7
idToken=66 disparada=T11
idToken=66 INVARIANTE modo=SIMPLE camino=T0,T1,T5,T6,T11 completo=true
idToken=166 disparada=T1
idToken=167 disparada=T0
idToken=67 disparada=T8
idToken=167 disparada=T1
idToken=168 disparada=T0
idToken=168 disparada=T1
idToken=169 disparada=T0
idToken=67 disparada=T9
idToken=169 disparada=T1
idToken=170 disparada=T0
idToken=67 disparada=T10
idToken=68 disparada=T5
idToken=67 disparada=T11
idToken=67 INVARIANTE modo=ALTO camino=T0,T1,T7,T8,T9,T10,T11 completo=true
idToken=170 disparada=T1
idToken=171 disparada=T0
idToken=171 disparada=T1
idToken=172 disparada=T0
idToken=68 disparada=T6
idToken=69 disparada=T7
idToken=68 disparada=T11
idToken=68 INVARIANTE modo=SIMPLE camino=T0,T1,T5,T6,T11 completo=true
idToken=172 disparada=T1
idToken=173 disparada=T0
idToken=173 disparada=T1
idToken=174 disparada=T0
idToken=69 disparada=T8
idToken=174 disparada=T1
idToken=175 disparada=T0
idToken=69 disparada=T9
idToken=175 disparada=T1
idToken=176 disparada=T0
idToken=176 disparada=T1
idToken=177 disparada=T0
idToken=69 disparada=T10
idToken=70 disparada=T5
idToken=69 disparada=T11
idToken=69 INVARIANTE modo=ALTO camino=T0,T1,T7,T8,T9,T10,T11 completo=true
idToken=177 disparada=T1
idToken=178 disparada=T0
idToken=70 disparada=T6
idToken=71 disparada=T2
idToken=70 disparada=T11
idToken=70 INVARIANTE modo=SIMPLE camino=T0,T1,T5,T6,T11 completo=true
idToken=178 disparada=T1
idToken=179 disparada=T0
idToken=179 disparada=T1
idToken=180 disparada=T0
idToken=71 disparada=T3
idToken=180 disparada=T1
idToken=181 disparada=T0
idToken=71 disparada=T4
idToken=72 disparada=T5
idToken=71 disparada=T11
idToken=71 INVARIANTE modo=MEDIO camino=T0,T1,T2,T3,T4,T11 completo=true
idToken=181 disparada=T1
idToken=182 disparada=T0
idToken=182 disparada=T1
idToken=183 disparada=T0
idToken=72 disparada=T6
idToken=73 disparada=T2
idToken=72 disparada=T11
idToken=72 INVARIANTE modo=SIMPLE camino=T0,T1,T5,T6,T11 completo=true
idToken=183 disparada=T1
idToken=184 disparada=T0
idToken=73 disparada=T3
idToken=184 disparada=T1
idToken=185 disparada=T0
idToken=185 disparada=T1
idToken=186 disparada=T0
idToken=73 disparada=T4
idToken=74 disparada=T5
idToken=73 disparada=T11
idToken=73 INVARIANTE modo=MEDIO camino=T0,T1,T2,T3,T4,T11 completo=true
idToken=186 disparada=T1
idToken=187 disparada=T0
idToken=74 disparada=T6
idToken=75 disparada=T2
idToken=187 disparada=T1
idToken=74 disparada=T11
idToken=74 INVARIANTE modo=SIMPLE camino=T0,T1,T5,T6,T11 completo=true
idToken=188 disparada=T0
idToken=188 disparada=T1
idToken=189 disparada=T0
idToken=75 disparada=T3
idToken=189 disparada=T1
idToken=190 disparada=T0
idToken=75 disparada=T4
idToken=76 disparada=T5
idToken=75 disparada=T11
idToken=75 INVARIANTE modo=MEDIO camino=T0,T1,T2,T3,T4,T11 completo=true
idToken=190 disparada=T1
idToken=191 disparada=T0
idToken=191 disparada=T1
idToken=192 disparada=T0
idToken=76 disparada=T6
idToken=76 disparada=T11
idToken=76 INVARIANTE modo=SIMPLE camino=T0,T1,T5,T6,T11 completo=true
idToken=77 disparada=T5
idToken=192 disparada=T1
idToken=193 disparada=T0
idToken=193 disparada=T1
idToken=194 disparada=T0
idToken=77 disparada=T6
idToken=78 disparada=T2
idToken=77 disparada=T11
idToken=77 INVARIANTE modo=SIMPLE camino=T0,T1,T5,T6,T11 completo=true
idToken=194 disparada=T1
idToken=195 disparada=T0
idToken=78 disparada=T3
idToken=195 disparada=T1
idToken=196 disparada=T0
idToken=196 disparada=T1
idToken=197 disparada=T0
idToken=78 disparada=T4
idToken=79 disparada=T5
idToken=78 disparada=T11
idToken=78 INVARIANTE modo=MEDIO camino=T0,T1,T2,T3,T4,T11 completo=true
idToken=197 disparada=T1
idToken=198 disparada=T0
idToken=79 disparada=T6
idToken=80 disparada=T7
idToken=79 disparada=T11
idToken=79 INVARIANTE modo=SIMPLE camino=T0,T1,T5,T6,T11 completo=true
idToken=198 disparada=T1
idToken=199 disparada=T0
idToken=199 disparada=T1
idToken=200 disparada=T0
idToken=80 disparada=T8
idToken=200 disparada=T1
idToken=80 disparada=T9
idToken=80 disparada=T10
idToken=81 disparada=T5
idToken=80 disparada=T11
idToken=80 INVARIANTE modo=ALTO camino=T0,T1,T7,T8,T9,T10,T11 completo=true
idToken=81 disparada=T6
idToken=82 disparada=T7
idToken=81 disparada=T11
idToken=81 INVARIANTE modo=SIMPLE camino=T0,T1,T5,T6,T11 completo=true
idToken=82 disparada=T8
idToken=82 disparada=T9
idToken=82 disparada=T10
idToken=83 disparada=T5
idToken=82 disparada=T11
idToken=82 INVARIANTE modo=ALTO camino=T0,T1,T7,T8,T9,T10,T11 completo=true
idToken=83 disparada=T6
idToken=83 disparada=T11
idToken=83 INVARIANTE modo=SIMPLE camino=T0,T1,T5,T6,T11 completo=true
idToken=84 disparada=T5
idToken=84 disparada=T6
idToken=85 disparada=T2
idToken=84 disparada=T11
idToken=84 INVARIANTE modo=SIMPLE camino=T0,T1,T5,T6,T11 completo=true
idToken=85 disparada=T3
idToken=85 disparada=T4
idToken=86 disparada=T5
idToken=85 disparada=T11
idToken=85 INVARIANTE modo=MEDIO camino=T0,T1,T2,T3,T4,T11 completo=true
idToken=86 disparada=T6
idToken=87 disparada=T7
idToken=86 disparada=T11
idToken=86 INVARIANTE modo=SIMPLE camino=T0,T1,T5,T6,T11 completo=true
idToken=87 disparada=T8
idToken=87 disparada=T9
idToken=87 disparada=T10
idToken=88 disparada=T5
idToken=87 disparada=T11
idToken=87 INVARIANTE modo=ALTO camino=T0,T1,T7,T8,T9,T10,T11 completo=true
idToken=88 disparada=T6
idToken=88 disparada=T11
idToken=88 INVARIANTE modo=SIMPLE camino=T0,T1,T5,T6,T11 completo=true
idToken=89 disparada=T5
idToken=89 disparada=T6
idToken=90 disparada=T2
idToken=89 disparada=T11
idToken=89 INVARIANTE modo=SIMPLE camino=T0,T1,T5,T6,T11 completo=true
idToken=90 disparada=T3
idToken=90 disparada=T4
idToken=91 disparada=T5
idToken=90 disparada=T11
idToken=90 INVARIANTE modo=MEDIO camino=T0,T1,T2,T3,T4,T11 completo=true
idToken=91 disparada=T6
idToken=92 disparada=T2
idToken=91 disparada=T11
idToken=91 INVARIANTE modo=SIMPLE camino=T0,T1,T5,T6,T11 completo=true
idToken=92 disparada=T3
idToken=92 disparada=T4
idToken=93 disparada=T5
idToken=92 disparada=T11
idToken=92 INVARIANTE modo=MEDIO camino=T0,T1,T2,T3,T4,T11 completo=true
idToken=93 disparada=T6
idToken=94 disparada=T2
idToken=93 disparada=T11
idToken=93 INVARIANTE modo=SIMPLE camino=T0,T1,T5,T6,T11 completo=true
idToken=94 disparada=T3
idToken=94 disparada=T4
idToken=95 disparada=T5
idToken=94 disparada=T11
idToken=94 INVARIANTE modo=MEDIO camino=T0,T1,T2,T3,T4,T11 completo=true
idToken=95 disparada=T6
idToken=96 disparada=T7
idToken=95 disparada=T11
idToken=95 INVARIANTE modo=SIMPLE camino=T0,T1,T5,T6,T11 completo=true
idToken=96 disparada=T8
idToken=96 disparada=T9
idToken=96 disparada=T10
idToken=97 disparada=T5
idToken=96 disparada=T11
idToken=96 INVARIANTE modo=ALTO camino=T0,T1,T7,T8,T9,T10,T11 completo=true
idToken=97 disparada=T6
idToken=97 disparada=T11
idToken=97 INVARIANTE modo=SIMPLE camino=T0,T1,T5,T6,T11 completo=true
idToken=98 disparada=T5
idToken=98 disparada=T6
idToken=98 disparada=T11
idToken=98 INVARIANTE modo=SIMPLE camino=T0,T1,T5,T6,T11 completo=true
idToken=99 disparada=T5
idToken=99 disparada=T6
idToken=99 disparada=T11
idToken=99 INVARIANTE modo=SIMPLE camino=T0,T1,T5,T6,T11 completo=true
idToken=100 disparada=T5
idToken=100 disparada=T6
idToken=100 disparada=T11
idToken=100 INVARIANTE modo=SIMPLE camino=T0,T1,T5,T6,T11 completo=true
idToken=101 disparada=T5
idToken=101 disparada=T6
idToken=101 disparada=T11
idToken=101 INVARIANTE modo=SIMPLE camino=T0,T1,T5,T6,T11 completo=true
idToken=102 disparada=T5
idToken=102 disparada=T6
idToken=103 disparada=T7
idToken=102 disparada=T11
idToken=102 INVARIANTE modo=SIMPLE camino=T0,T1,T5,T6,T11 completo=true
idToken=103 disparada=T8
idToken=103 disparada=T9
idToken=103 disparada=T10
idToken=104 disparada=T5
idToken=103 disparada=T11
idToken=103 INVARIANTE modo=ALTO camino=T0,T1,T7,T8,T9,T10,T11 completo=true
idToken=104 disparada=T6
idToken=105 disparada=T7
idToken=104 disparada=T11
idToken=104 INVARIANTE modo=SIMPLE camino=T0,T1,T5,T6,T11 completo=true
idToken=105 disparada=T8
idToken=105 disparada=T9
idToken=105 disparada=T10
idToken=106 disparada=T5
idToken=105 disparada=T11
idToken=105 INVARIANTE modo=ALTO camino=T0,T1,T7,T8,T9,T10,T11 completo=true
idToken=106 disparada=T6
idToken=107 disparada=T7
idToken=106 disparada=T11
idToken=106 INVARIANTE modo=SIMPLE camino=T0,T1,T5,T6,T11 completo=true
idToken=107 disparada=T8
idToken=107 disparada=T9
idToken=107 disparada=T10
idToken=108 disparada=T5
idToken=107 disparada=T11
idToken=107 INVARIANTE modo=ALTO camino=T0,T1,T7,T8,T9,T10,T11 completo=true
idToken=108 disparada=T6
idToken=108 disparada=T11
idToken=108 INVARIANTE modo=SIMPLE camino=T0,T1,T5,T6,T11 completo=true
idToken=109 disparada=T5
idToken=109 disparada=T6
idToken=109 disparada=T11
idToken=109 INVARIANTE modo=SIMPLE camino=T0,T1,T5,T6,T11 completo=true
idToken=110 disparada=T5
idToken=110 disparada=T6
idToken=110 disparada=T11
idToken=110 INVARIANTE modo=SIMPLE camino=T0,T1,T5,T6,T11 completo=true
idToken=111 disparada=T5
idToken=111 disparada=T6
idToken=111 disparada=T11
idToken=111 INVARIANTE modo=SIMPLE camino=T0,T1,T5,T6,T11 completo=true
idToken=112 disparada=T5
idToken=112 disparada=T6
idToken=113 disparada=T2
idToken=112 disparada=T11
idToken=112 INVARIANTE modo=SIMPLE camino=T0,T1,T5,T6,T11 completo=true
idToken=113 disparada=T3
idToken=113 disparada=T4
idToken=114 disparada=T5
idToken=113 disparada=T11
idToken=113 INVARIANTE modo=MEDIO camino=T0,T1,T2,T3,T4,T11 completo=true
idToken=114 disparada=T6
idToken=115 disparada=T2
idToken=114 disparada=T11
idToken=114 INVARIANTE modo=SIMPLE camino=T0,T1,T5,T6,T11 completo=true
idToken=115 disparada=T3
idToken=115 disparada=T4
idToken=116 disparada=T5
idToken=115 disparada=T11
idToken=115 INVARIANTE modo=MEDIO camino=T0,T1,T2,T3,T4,T11 completo=true
idToken=116 disparada=T6
idToken=117 disparada=T7
idToken=116 disparada=T11
idToken=116 INVARIANTE modo=SIMPLE camino=T0,T1,T5,T6,T11 completo=true
idToken=117 disparada=T8
idToken=117 disparada=T9
idToken=117 disparada=T10
idToken=118 disparada=T5
idToken=117 disparada=T11
idToken=117 INVARIANTE modo=ALTO camino=T0,T1,T7,T8,T9,T10,T11 completo=true
idToken=118 disparada=T6
idToken=118 disparada=T11
idToken=118 INVARIANTE modo=SIMPLE camino=T0,T1,T5,T6,T11 completo=true
idToken=119 disparada=T5
idToken=119 disparada=T6
idToken=120 disparada=T7
idToken=119 disparada=T11
idToken=119 INVARIANTE modo=SIMPLE camino=T0,T1,T5,T6,T11 completo=true
idToken=120 disparada=T8
idToken=120 disparada=T9
idToken=120 disparada=T10
idToken=121 disparada=T5
idToken=120 disparada=T11
idToken=120 INVARIANTE modo=ALTO camino=T0,T1,T7,T8,T9,T10,T11 completo=true
idToken=121 disparada=T6
idToken=122 disparada=T2
idToken=121 disparada=T11
idToken=121 INVARIANTE modo=SIMPLE camino=T0,T1,T5,T6,T11 completo=true
idToken=122 disparada=T3
idToken=122 disparada=T4
idToken=123 disparada=T5
idToken=122 disparada=T11
idToken=122 INVARIANTE modo=MEDIO camino=T0,T1,T2,T3,T4,T11 completo=true
idToken=123 disparada=T6
idToken=123 disparada=T11
idToken=123 INVARIANTE modo=SIMPLE camino=T0,T1,T5,T6,T11 completo=true
idToken=124 disparada=T5
idToken=124 disparada=T6
idToken=125 disparada=T7
idToken=124 disparada=T11
idToken=124 INVARIANTE modo=SIMPLE camino=T0,T1,T5,T6,T11 completo=true
idToken=125 disparada=T8
idToken=125 disparada=T9
idToken=125 disparada=T10
idToken=126 disparada=T5
idToken=125 disparada=T11
idToken=125 INVARIANTE modo=ALTO camino=T0,T1,T7,T8,T9,T10,T11 completo=true
idToken=126 disparada=T6
idToken=127 disparada=T7
idToken=126 disparada=T11
idToken=126 INVARIANTE modo=SIMPLE camino=T0,T1,T5,T6,T11 completo=true
idToken=127 disparada=T8
idToken=127 disparada=T9
idToken=127 disparada=T10
idToken=128 disparada=T5
idToken=127 disparada=T11
idToken=127 INVARIANTE modo=ALTO camino=T0,T1,T7,T8,T9,T10,T11 completo=true
idToken=128 disparada=T6
idToken=129 disparada=T7
idToken=128 disparada=T11
idToken=128 INVARIANTE modo=SIMPLE camino=T0,T1,T5,T6,T11 completo=true
idToken=129 disparada=T8
idToken=129 disparada=T9
idToken=129 disparada=T10
idToken=130 disparada=T5
idToken=129 disparada=T11
idToken=129 INVARIANTE modo=ALTO camino=T0,T1,T7,T8,T9,T10,T11 completo=true
idToken=130 disparada=T6
idToken=130 disparada=T11
idToken=130 INVARIANTE modo=SIMPLE camino=T0,T1,T5,T6,T11 completo=true
idToken=131 disparada=T5
idToken=131 disparada=T6
idToken=132 disparada=T7
idToken=131 disparada=T11
idToken=131 INVARIANTE modo=SIMPLE camino=T0,T1,T5,T6,T11 completo=true
idToken=132 disparada=T8
idToken=132 disparada=T9
idToken=132 disparada=T10
idToken=133 disparada=T5
idToken=132 disparada=T11
idToken=132 INVARIANTE modo=ALTO camino=T0,T1,T7,T8,T9,T10,T11 completo=true
idToken=133 disparada=T6
idToken=134 disparada=T2
idToken=133 disparada=T11
idToken=133 INVARIANTE modo=SIMPLE camino=T0,T1,T5,T6,T11 completo=true
idToken=134 disparada=T3
idToken=134 disparada=T4
idToken=135 disparada=T5
idToken=134 disparada=T11
idToken=134 INVARIANTE modo=MEDIO camino=T0,T1,T2,T3,T4,T11 completo=true
idToken=135 disparada=T6
idToken=136 disparada=T7
idToken=135 disparada=T11
idToken=135 INVARIANTE modo=SIMPLE camino=T0,T1,T5,T6,T11 completo=true
idToken=136 disparada=T8
idToken=136 disparada=T9
idToken=136 disparada=T10
idToken=137 disparada=T5
idToken=136 disparada=T11
idToken=136 INVARIANTE modo=ALTO camino=T0,T1,T7,T8,T9,T10,T11 completo=true
idToken=137 disparada=T6
idToken=138 disparada=T2
idToken=137 disparada=T11
idToken=137 INVARIANTE modo=SIMPLE camino=T0,T1,T5,T6,T11 completo=true
idToken=138 disparada=T3
idToken=138 disparada=T4
idToken=139 disparada=T5
idToken=138 disparada=T11
idToken=138 INVARIANTE modo=MEDIO camino=T0,T1,T2,T3,T4,T11 completo=true
idToken=139 disparada=T6
idToken=140 disparada=T2
idToken=139 disparada=T11
idToken=139 INVARIANTE modo=SIMPLE camino=T0,T1,T5,T6,T11 completo=true
idToken=140 disparada=T3
idToken=140 disparada=T4
idToken=141 disparada=T5
idToken=140 disparada=T11
idToken=140 INVARIANTE modo=MEDIO camino=T0,T1,T2,T3,T4,T11 completo=true
idToken=141 disparada=T6
idToken=141 disparada=T11
idToken=141 INVARIANTE modo=SIMPLE camino=T0,T1,T5,T6,T11 completo=true
idToken=142 disparada=T5
idToken=142 disparada=T6
idToken=142 disparada=T11
idToken=142 INVARIANTE modo=SIMPLE camino=T0,T1,T5,T6,T11 completo=true
idToken=143 disparada=T5
idToken=143 disparada=T6
idToken=144 disparada=T7
idToken=143 disparada=T11
idToken=143 INVARIANTE modo=SIMPLE camino=T0,T1,T5,T6,T11 completo=true
idToken=144 disparada=T8
idToken=144 disparada=T9
idToken=144 disparada=T10
idToken=145 disparada=T5
idToken=144 disparada=T11
idToken=144 INVARIANTE modo=ALTO camino=T0,T1,T7,T8,T9,T10,T11 completo=true
idToken=145 disparada=T6
idToken=146 disparada=T7
idToken=145 disparada=T11
idToken=145 INVARIANTE modo=SIMPLE camino=T0,T1,T5,T6,T11 completo=true
idToken=146 disparada=T8
idToken=146 disparada=T9
idToken=146 disparada=T10
idToken=147 disparada=T5
idToken=146 disparada=T11
idToken=146 INVARIANTE modo=ALTO camino=T0,T1,T7,T8,T9,T10,T11 completo=true
idToken=147 disparada=T6
idToken=148 disparada=T2
idToken=147 disparada=T11
idToken=147 INVARIANTE modo=SIMPLE camino=T0,T1,T5,T6,T11 completo=true
idToken=148 disparada=T3
idToken=148 disparada=T4
idToken=149 disparada=T5
idToken=148 disparada=T11
idToken=148 INVARIANTE modo=MEDIO camino=T0,T1,T2,T3,T4,T11 completo=true
idToken=149 disparada=T6
idToken=149 disparada=T11
idToken=149 INVARIANTE modo=SIMPLE camino=T0,T1,T5,T6,T11 completo=true
idToken=150 disparada=T5
idToken=150 disparada=T6
idToken=151 disparada=T2
idToken=150 disparada=T11
idToken=150 INVARIANTE modo=SIMPLE camino=T0,T1,T5,T6,T11 completo=true
idToken=151 disparada=T3
idToken=151 disparada=T4
idToken=152 disparada=T5
idToken=151 disparada=T11
idToken=151 INVARIANTE modo=MEDIO camino=T0,T1,T2,T3,T4,T11 completo=true
idToken=152 disparada=T6
idToken=153 disparada=T2
idToken=152 disparada=T11
idToken=152 INVARIANTE modo=SIMPLE camino=T0,T1,T5,T6,T11 completo=true
idToken=153 disparada=T3
idToken=153 disparada=T4
idToken=154 disparada=T5
idToken=153 disparada=T11
idToken=153 INVARIANTE modo=MEDIO camino=T0,T1,T2,T3,T4,T11 completo=true
idToken=154 disparada=T6
idToken=155 disparada=T2
idToken=154 disparada=T11
idToken=154 INVARIANTE modo=SIMPLE camino=T0,T1,T5,T6,T11 completo=true
idToken=155 disparada=T3
idToken=155 disparada=T4
idToken=156 disparada=T5
idToken=155 disparada=T11
idToken=155 INVARIANTE modo=MEDIO camino=T0,T1,T2,T3,T4,T11 completo=true
idToken=156 disparada=T6
idToken=157 disparada=T7
idToken=156 disparada=T11
idToken=156 INVARIANTE modo=SIMPLE camino=T0,T1,T5,T6,T11 completo=true
idToken=157 disparada=T8
idToken=157 disparada=T9
idToken=157 disparada=T10
idToken=158 disparada=T5
idToken=157 disparada=T11
idToken=157 INVARIANTE modo=ALTO camino=T0,T1,T7,T8,T9,T10,T11 completo=true
idToken=158 disparada=T6
idToken=159 disparada=T7
idToken=158 disparada=T11
idToken=158 INVARIANTE modo=SIMPLE camino=T0,T1,T5,T6,T11 completo=true
idToken=159 disparada=T8
idToken=159 disparada=T9
idToken=159 disparada=T10
idToken=160 disparada=T5
idToken=159 disparada=T11
idToken=159 INVARIANTE modo=ALTO camino=T0,T1,T7,T8,T9,T10,T11 completo=true
idToken=160 disparada=T6
idToken=161 disparada=T7
idToken=160 disparada=T11
idToken=160 INVARIANTE modo=SIMPLE camino=T0,T1,T5,T6,T11 completo=true
idToken=161 disparada=T8
idToken=161 disparada=T9
idToken=161 disparada=T10
idToken=162 disparada=T5
idToken=161 disparada=T11
idToken=161 INVARIANTE modo=ALTO camino=T0,T1,T7,T8,T9,T10,T11 completo=true
idToken=162 disparada=T6
idToken=163 disparada=T7
idToken=162 disparada=T11
idToken=162 INVARIANTE modo=SIMPLE camino=T0,T1,T5,T6,T11 completo=true
idToken=163 disparada=T8
idToken=163 disparada=T9
idToken=163 disparada=T10
idToken=164 disparada=T5
idToken=163 disparada=T11
idToken=163 INVARIANTE modo=ALTO camino=T0,T1,T7,T8,T9,T10,T11 completo=true
idToken=164 disparada=T6
idToken=165 disparada=T7
idToken=164 disparada=T11
idToken=164 INVARIANTE modo=SIMPLE camino=T0,T1,T5,T6,T11 completo=true
idToken=165 disparada=T8
idToken=165 disparada=T9
idToken=165 disparada=T10
idToken=166 disparada=T5
idToken=165 disparada=T11
idToken=165 INVARIANTE modo=ALTO camino=T0,T1,T7,T8,T9,T10,T11 completo=true
idToken=166 disparada=T6
idToken=166 disparada=T11
idToken=166 INVARIANTE modo=SIMPLE camino=T0,T1,T5,T6,T11 completo=true
idToken=167 disparada=T5
idToken=167 disparada=T6
idToken=167 disparada=T11
idToken=167 INVARIANTE modo=SIMPLE camino=T0,T1,T5,T6,T11 completo=true
idToken=168 disparada=T5
idToken=168 disparada=T6
idToken=168 disparada=T11
idToken=168 INVARIANTE modo=SIMPLE camino=T0,T1,T5,T6,T11 completo=true
idToken=169 disparada=T5
idToken=169 disparada=T6
idToken=169 disparada=T11
idToken=169 INVARIANTE modo=SIMPLE camino=T0,T1,T5,T6,T11 completo=true
idToken=170 disparada=T5
idToken=170 disparada=T6
idToken=171 disparada=T2
idToken=170 disparada=T11
idToken=170 INVARIANTE modo=SIMPLE camino=T0,T1,T5,T6,T11 completo=true
idToken=171 disparada=T3
idToken=171 disparada=T4
idToken=172 disparada=T5
idToken=171 disparada=T11
idToken=171 INVARIANTE modo=MEDIO camino=T0,T1,T2,T3,T4,T11 completo=true
idToken=172 disparada=T6
idToken=173 disparada=T2
idToken=172 disparada=T11
idToken=172 INVARIANTE modo=SIMPLE camino=T0,T1,T5,T6,T11 completo=true
idToken=173 disparada=T3
idToken=173 disparada=T4
idToken=174 disparada=T5
idToken=173 disparada=T11
idToken=173 INVARIANTE modo=MEDIO camino=T0,T1,T2,T3,T4,T11 completo=true
idToken=174 disparada=T6
idToken=174 disparada=T11
idToken=174 INVARIANTE modo=SIMPLE camino=T0,T1,T5,T6,T11 completo=true
idToken=175 disparada=T5
idToken=175 disparada=T6
idToken=176 disparada=T7
idToken=175 disparada=T11
idToken=175 INVARIANTE modo=SIMPLE camino=T0,T1,T5,T6,T11 completo=true
idToken=176 disparada=T8
idToken=176 disparada=T9
idToken=176 disparada=T10
idToken=177 disparada=T5
idToken=176 disparada=T11
idToken=176 INVARIANTE modo=ALTO camino=T0,T1,T7,T8,T9,T10,T11 completo=true
idToken=177 disparada=T6
idToken=178 disparada=T2
idToken=177 disparada=T11
idToken=177 INVARIANTE modo=SIMPLE camino=T0,T1,T5,T6,T11 completo=true
idToken=178 disparada=T3
idToken=178 disparada=T4
idToken=179 disparada=T5
idToken=178 disparada=T11
idToken=178 INVARIANTE modo=MEDIO camino=T0,T1,T2,T3,T4,T11 completo=true
idToken=179 disparada=T6
idToken=180 disparada=T2
idToken=179 disparada=T11
idToken=179 INVARIANTE modo=SIMPLE camino=T0,T1,T5,T6,T11 completo=true
idToken=180 disparada=T3
idToken=180 disparada=T4
idToken=181 disparada=T5
idToken=180 disparada=T11
idToken=180 INVARIANTE modo=MEDIO camino=T0,T1,T2,T3,T4,T11 completo=true
idToken=181 disparada=T6
idToken=181 disparada=T11
idToken=181 INVARIANTE modo=SIMPLE camino=T0,T1,T5,T6,T11 completo=true
idToken=182 disparada=T5
idToken=182 disparada=T6
idToken=183 disparada=T7
idToken=182 disparada=T11
idToken=182 INVARIANTE modo=SIMPLE camino=T0,T1,T5,T6,T11 completo=true
idToken=183 disparada=T8
idToken=183 disparada=T9
idToken=183 disparada=T10
idToken=184 disparada=T5
idToken=183 disparada=T11
idToken=183 INVARIANTE modo=ALTO camino=T0,T1,T7,T8,T9,T10,T11 completo=true
idToken=184 disparada=T6
idToken=185 disparada=T7
idToken=184 disparada=T11
idToken=184 INVARIANTE modo=SIMPLE camino=T0,T1,T5,T6,T11 completo=true
idToken=185 disparada=T8
idToken=185 disparada=T9
idToken=185 disparada=T10
idToken=186 disparada=T5
idToken=185 disparada=T11
idToken=185 INVARIANTE modo=ALTO camino=T0,T1,T7,T8,T9,T10,T11 completo=true
idToken=186 disparada=T6
idToken=186 disparada=T11
idToken=186 INVARIANTE modo=SIMPLE camino=T0,T1,T5,T6,T11 completo=true
idToken=187 disparada=T5
idToken=187 disparada=T6
idToken=188 disparada=T2
idToken=187 disparada=T11
idToken=187 INVARIANTE modo=SIMPLE camino=T0,T1,T5,T6,T11 completo=true
idToken=188 disparada=T3
idToken=188 disparada=T4
idToken=189 disparada=T5
idToken=188 disparada=T11
idToken=188 INVARIANTE modo=MEDIO camino=T0,T1,T2,T3,T4,T11 completo=true
idToken=189 disparada=T6
idToken=190 disparada=T2
idToken=189 disparada=T11
idToken=189 INVARIANTE modo=SIMPLE camino=T0,T1,T5,T6,T11 completo=true
idToken=190 disparada=T3
idToken=190 disparada=T4
idToken=191 disparada=T5
idToken=190 disparada=T11
idToken=190 INVARIANTE modo=MEDIO camino=T0,T1,T2,T3,T4,T11 completo=true
idToken=191 disparada=T6
idToken=192 disparada=T2
idToken=191 disparada=T11
idToken=191 INVARIANTE modo=SIMPLE camino=T0,T1,T5,T6,T11 completo=true
idToken=192 disparada=T3
idToken=192 disparada=T4
idToken=193 disparada=T5
idToken=192 disparada=T11
idToken=192 INVARIANTE modo=MEDIO camino=T0,T1,T2,T3,T4,T11 completo=true
idToken=193 disparada=T6
idToken=193 disparada=T11
idToken=193 INVARIANTE modo=SIMPLE camino=T0,T1,T5,T6,T11 completo=true
idToken=194 disparada=T5
idToken=194 disparada=T6
idToken=194 disparada=T11
idToken=194 INVARIANTE modo=SIMPLE camino=T0,T1,T5,T6,T11 completo=true
idToken=195 disparada=T5
idToken=195 disparada=T6
idToken=195 disparada=T11
idToken=195 INVARIANTE modo=SIMPLE camino=T0,T1,T5,T6,T11 completo=true
idToken=196 disparada=T5
idToken=196 disparada=T6
idToken=197 disparada=T7
idToken=196 disparada=T11
idToken=196 INVARIANTE modo=SIMPLE camino=T0,T1,T5,T6,T11 completo=true
idToken=197 disparada=T8
idToken=197 disparada=T9
idToken=197 disparada=T10
idToken=198 disparada=T5
idToken=197 disparada=T11
idToken=197 INVARIANTE modo=ALTO camino=T0,T1,T7,T8,T9,T10,T11 completo=true
idToken=198 disparada=T6
idToken=198 disparada=T11
idToken=198 INVARIANTE modo=SIMPLE camino=T0,T1,T5,T6,T11 completo=true
idToken=199 disparada=T5
idToken=199 disparada=T6
idToken=199 disparada=T11
idToken=199 INVARIANTE modo=SIMPLE camino=T0,T1,T5,T6,T11 completo=true
idToken=200 disparada=T5
idToken=200 disparada=T6
idToken=200 disparada=T11
idToken=200 INVARIANTE modo=SIMPLE camino=T0,T1,T5,T6,T11 completo=true

RESUMEN completo=200 medio=41 simple=120 alto=39 invarianteOk=true tiempoMillis=30272
