RUN policy=random target=200
TEMPORAL transitions=[false, true, false, true, true, false, true, false, true, true, true, false]
ALFA millis=[0, 60, 0, 90, 90, 0, 100, 0, 90, 90, 90, 0]
BETA millis=[0, 600, 0, 900, 900, 0, 1000, 0, 900, 900, 900, 0]
FORMAT tokenId=<id> fired=T<transition>
FORMAT tokenId=<id> INVARIANT mode=<mode> path=<path> completed=true

tokenId=1 fired=T0
tokenId=1 fired=T1
tokenId=1 fired=T5
tokenId=2 fired=T0
tokenId=2 fired=T1
tokenId=3 fired=T0
tokenId=1 fired=T6
tokenId=1 fired=T11
tokenId=1 INVARIANT mode=SIMPLE path=T0,T1,T5,T6,T11 completed=true
tokenId=2 fired=T5
tokenId=3 fired=T1
tokenId=4 fired=T0
tokenId=4 fired=T1
tokenId=5 fired=T0
tokenId=2 fired=T6
tokenId=2 fired=T11
tokenId=2 INVARIANT mode=SIMPLE path=T0,T1,T5,T6,T11 completed=true
tokenId=3 fired=T2
tokenId=5 fired=T1
tokenId=6 fired=T0
tokenId=6 fired=T1
tokenId=3 fired=T3
tokenId=7 fired=T0
tokenId=7 fired=T1
tokenId=8 fired=T0
tokenId=3 fired=T4
tokenId=3 fired=T11
tokenId=3 INVARIANT mode=MEDIUM path=T0,T1,T2,T3,T4,T11 completed=true
tokenId=4 fired=T5
tokenId=8 fired=T1
tokenId=9 fired=T0
tokenId=9 fired=T1
tokenId=10 fired=T0
tokenId=4 fired=T6
tokenId=4 fired=T11
tokenId=4 INVARIANT mode=SIMPLE path=T0,T1,T5,T6,T11 completed=true
tokenId=5 fired=T5
tokenId=10 fired=T1
tokenId=11 fired=T0
tokenId=5 fired=T6
tokenId=5 fired=T11
tokenId=5 INVARIANT mode=SIMPLE path=T0,T1,T5,T6,T11 completed=true
tokenId=6 fired=T7
tokenId=11 fired=T1
tokenId=12 fired=T0
tokenId=12 fired=T1
tokenId=13 fired=T0
tokenId=6 fired=T8
tokenId=13 fired=T1
tokenId=14 fired=T0
tokenId=6 fired=T9
tokenId=14 fired=T1
tokenId=15 fired=T0
tokenId=15 fired=T1
tokenId=16 fired=T0
tokenId=6 fired=T10
tokenId=6 fired=T11
tokenId=6 INVARIANT mode=HIGH path=T0,T1,T7,T8,T9,T10,T11 completed=true
tokenId=7 fired=T5
tokenId=16 fired=T1
tokenId=17 fired=T0
tokenId=7 fired=T6
tokenId=7 fired=T11
tokenId=7 INVARIANT mode=SIMPLE path=T0,T1,T5,T6,T11 completed=true
tokenId=8 fired=T2
tokenId=17 fired=T1
tokenId=18 fired=T0
tokenId=18 fired=T1
tokenId=19 fired=T0
tokenId=8 fired=T3
tokenId=19 fired=T1
tokenId=20 fired=T0
tokenId=8 fired=T4
tokenId=8 fired=T11
tokenId=8 INVARIANT mode=MEDIUM path=T0,T1,T2,T3,T4,T11 completed=true
tokenId=9 fired=T7
tokenId=20 fired=T1
tokenId=21 fired=T0
tokenId=21 fired=T1
tokenId=22 fired=T0
tokenId=9 fired=T8
tokenId=22 fired=T1
tokenId=23 fired=T0
tokenId=9 fired=T9
tokenId=23 fired=T1
tokenId=24 fired=T0
tokenId=24 fired=T1
tokenId=25 fired=T0
tokenId=9 fired=T10
tokenId=9 fired=T11
tokenId=9 INVARIANT mode=HIGH path=T0,T1,T7,T8,T9,T10,T11 completed=true
tokenId=10 fired=T2
tokenId=25 fired=T1
tokenId=26 fired=T0
tokenId=10 fired=T3
tokenId=26 fired=T1
tokenId=27 fired=T0
tokenId=27 fired=T1
tokenId=28 fired=T0
tokenId=10 fired=T4
tokenId=10 fired=T11
tokenId=10 INVARIANT mode=MEDIUM path=T0,T1,T2,T3,T4,T11 completed=true
tokenId=11 fired=T7
tokenId=28 fired=T1
tokenId=29 fired=T0
tokenId=29 fired=T1
tokenId=30 fired=T0
tokenId=11 fired=T8
tokenId=30 fired=T1
tokenId=31 fired=T0
tokenId=11 fired=T9
tokenId=31 fired=T1
tokenId=32 fired=T0
tokenId=11 fired=T10
tokenId=32 fired=T1
tokenId=11 fired=T11
tokenId=11 INVARIANT mode=HIGH path=T0,T1,T7,T8,T9,T10,T11 completed=true
tokenId=33 fired=T0
tokenId=12 fired=T2
tokenId=33 fired=T1
tokenId=34 fired=T0
tokenId=12 fired=T3
tokenId=34 fired=T1
tokenId=35 fired=T0
tokenId=12 fired=T4
tokenId=35 fired=T1
tokenId=12 fired=T11
tokenId=12 INVARIANT mode=MEDIUM path=T0,T1,T2,T3,T4,T11 completed=true
tokenId=36 fired=T0
tokenId=13 fired=T2
tokenId=36 fired=T1
tokenId=37 fired=T0
tokenId=13 fired=T3
tokenId=37 fired=T1
tokenId=38 fired=T0
tokenId=38 fired=T1
tokenId=13 fired=T4
tokenId=13 fired=T11
tokenId=13 INVARIANT mode=MEDIUM path=T0,T1,T2,T3,T4,T11 completed=true
tokenId=39 fired=T0
tokenId=14 fired=T2
tokenId=39 fired=T1
tokenId=40 fired=T0
tokenId=14 fired=T3
tokenId=40 fired=T1
tokenId=41 fired=T0
tokenId=41 fired=T1
tokenId=14 fired=T4
tokenId=14 fired=T11
tokenId=14 INVARIANT mode=MEDIUM path=T0,T1,T2,T3,T4,T11 completed=true
tokenId=42 fired=T0
tokenId=15 fired=T7
tokenId=42 fired=T1
tokenId=43 fired=T0
tokenId=15 fired=T8
tokenId=43 fired=T1
tokenId=44 fired=T0
tokenId=15 fired=T9
tokenId=44 fired=T1
tokenId=45 fired=T0
tokenId=45 fired=T1
tokenId=46 fired=T0
tokenId=15 fired=T10
tokenId=15 fired=T11
tokenId=15 INVARIANT mode=HIGH path=T0,T1,T7,T8,T9,T10,T11 completed=true
tokenId=16 fired=T2
tokenId=46 fired=T1
tokenId=47 fired=T0
tokenId=16 fired=T3
tokenId=47 fired=T1
tokenId=48 fired=T0
tokenId=48 fired=T1
tokenId=49 fired=T0
tokenId=16 fired=T4
tokenId=16 fired=T11
tokenId=16 INVARIANT mode=MEDIUM path=T0,T1,T2,T3,T4,T11 completed=true
tokenId=17 fired=T5
tokenId=49 fired=T1
tokenId=50 fired=T0
tokenId=50 fired=T1
tokenId=51 fired=T0
tokenId=17 fired=T6
tokenId=17 fired=T11
tokenId=17 INVARIANT mode=SIMPLE path=T0,T1,T5,T6,T11 completed=true
tokenId=18 fired=T7
tokenId=51 fired=T1
tokenId=52 fired=T0
tokenId=18 fired=T8
tokenId=52 fired=T1
tokenId=53 fired=T0
tokenId=53 fired=T1
tokenId=54 fired=T0
tokenId=18 fired=T9
tokenId=54 fired=T1
tokenId=55 fired=T0
tokenId=18 fired=T10
tokenId=18 fired=T11
tokenId=18 INVARIANT mode=HIGH path=T0,T1,T7,T8,T9,T10,T11 completed=true
tokenId=19 fired=T2
tokenId=55 fired=T1
tokenId=56 fired=T0
tokenId=56 fired=T1
tokenId=57 fired=T0
tokenId=19 fired=T3
tokenId=57 fired=T1
tokenId=58 fired=T0
tokenId=19 fired=T4
tokenId=19 fired=T11
tokenId=19 INVARIANT mode=MEDIUM path=T0,T1,T2,T3,T4,T11 completed=true
tokenId=20 fired=T2
tokenId=58 fired=T1
tokenId=59 fired=T0
tokenId=59 fired=T1
tokenId=60 fired=T0
tokenId=20 fired=T3
tokenId=60 fired=T1
tokenId=61 fired=T0
tokenId=20 fired=T4
tokenId=20 fired=T11
tokenId=20 INVARIANT mode=MEDIUM path=T0,T1,T2,T3,T4,T11 completed=true
tokenId=21 fired=T2
tokenId=61 fired=T1
tokenId=62 fired=T0
tokenId=62 fired=T1
tokenId=63 fired=T0
tokenId=21 fired=T3
tokenId=63 fired=T1
tokenId=64 fired=T0
tokenId=21 fired=T4
tokenId=21 fired=T11
tokenId=21 INVARIANT mode=MEDIUM path=T0,T1,T2,T3,T4,T11 completed=true
tokenId=22 fired=T5
tokenId=64 fired=T1
tokenId=65 fired=T0
tokenId=65 fired=T1
tokenId=66 fired=T0
tokenId=22 fired=T6
tokenId=22 fired=T11
tokenId=22 INVARIANT mode=SIMPLE path=T0,T1,T5,T6,T11 completed=true
tokenId=23 fired=T5
tokenId=66 fired=T1
tokenId=67 fired=T0
tokenId=23 fired=T6
tokenId=23 fired=T11
tokenId=23 INVARIANT mode=SIMPLE path=T0,T1,T5,T6,T11 completed=true
tokenId=24 fired=T5
tokenId=67 fired=T1
tokenId=68 fired=T0
tokenId=68 fired=T1
tokenId=69 fired=T0
tokenId=24 fired=T6
tokenId=24 fired=T11
tokenId=24 INVARIANT mode=SIMPLE path=T0,T1,T5,T6,T11 completed=true
tokenId=25 fired=T5
tokenId=69 fired=T1
tokenId=70 fired=T0
tokenId=70 fired=T1
tokenId=71 fired=T0
tokenId=25 fired=T6
tokenId=25 fired=T11
tokenId=25 INVARIANT mode=SIMPLE path=T0,T1,T5,T6,T11 completed=true
tokenId=26 fired=T2
tokenId=71 fired=T1
tokenId=72 fired=T0
tokenId=26 fired=T3
tokenId=72 fired=T1
tokenId=73 fired=T0
tokenId=73 fired=T1
tokenId=74 fired=T0
tokenId=26 fired=T4
tokenId=26 fired=T11
tokenId=26 INVARIANT mode=MEDIUM path=T0,T1,T2,T3,T4,T11 completed=true
tokenId=27 fired=T5
tokenId=74 fired=T1
tokenId=75 fired=T0
tokenId=27 fired=T6
tokenId=27 fired=T11
tokenId=27 INVARIANT mode=SIMPLE path=T0,T1,T5,T6,T11 completed=true
tokenId=75 fired=T1
tokenId=28 fired=T5
tokenId=76 fired=T0
tokenId=76 fired=T1
tokenId=77 fired=T0
tokenId=28 fired=T6
tokenId=28 fired=T11
tokenId=28 INVARIANT mode=SIMPLE path=T0,T1,T5,T6,T11 completed=true
tokenId=29 fired=T7
tokenId=77 fired=T1
tokenId=78 fired=T0
tokenId=78 fired=T1
tokenId=79 fired=T0
tokenId=29 fired=T8
tokenId=79 fired=T1
tokenId=80 fired=T0
tokenId=29 fired=T9
tokenId=80 fired=T1
tokenId=81 fired=T0
tokenId=81 fired=T1
tokenId=82 fired=T0
tokenId=29 fired=T10
tokenId=29 fired=T11
tokenId=29 INVARIANT mode=HIGH path=T0,T1,T7,T8,T9,T10,T11 completed=true
tokenId=30 fired=T7
tokenId=82 fired=T1
tokenId=83 fired=T0
tokenId=30 fired=T8
tokenId=83 fired=T1
tokenId=84 fired=T0
tokenId=84 fired=T1
tokenId=85 fired=T0
tokenId=30 fired=T9
tokenId=85 fired=T1
tokenId=86 fired=T0
tokenId=30 fired=T10
tokenId=30 fired=T11
tokenId=30 INVARIANT mode=HIGH path=T0,T1,T7,T8,T9,T10,T11 completed=true
tokenId=31 fired=T7
tokenId=86 fired=T1
tokenId=87 fired=T0
tokenId=87 fired=T1
tokenId=88 fired=T0
tokenId=31 fired=T8
tokenId=88 fired=T1
tokenId=89 fired=T0
tokenId=31 fired=T9
tokenId=89 fired=T1
tokenId=90 fired=T0
tokenId=90 fired=T1
tokenId=91 fired=T0
tokenId=31 fired=T10
tokenId=31 fired=T11
tokenId=31 INVARIANT mode=HIGH path=T0,T1,T7,T8,T9,T10,T11 completed=true
tokenId=32 fired=T7
tokenId=91 fired=T1
tokenId=92 fired=T0
tokenId=32 fired=T8
tokenId=92 fired=T1
tokenId=93 fired=T0
tokenId=93 fired=T1
tokenId=94 fired=T0
tokenId=32 fired=T9
tokenId=94 fired=T1
tokenId=95 fired=T0
tokenId=32 fired=T10
tokenId=32 fired=T11
tokenId=32 INVARIANT mode=HIGH path=T0,T1,T7,T8,T9,T10,T11 completed=true
tokenId=33 fired=T7
tokenId=95 fired=T1
tokenId=96 fired=T0
tokenId=96 fired=T1
tokenId=97 fired=T0
tokenId=33 fired=T8
tokenId=97 fired=T1
tokenId=98 fired=T0
tokenId=33 fired=T9
tokenId=98 fired=T1
tokenId=99 fired=T0
tokenId=99 fired=T1
tokenId=100 fired=T0
tokenId=33 fired=T10
tokenId=33 fired=T11
tokenId=33 INVARIANT mode=HIGH path=T0,T1,T7,T8,T9,T10,T11 completed=true
tokenId=34 fired=T7
tokenId=100 fired=T1
tokenId=101 fired=T0
tokenId=34 fired=T8
tokenId=101 fired=T1
tokenId=102 fired=T0
tokenId=102 fired=T1
tokenId=103 fired=T0
tokenId=34 fired=T9
tokenId=103 fired=T1
tokenId=104 fired=T0
tokenId=34 fired=T10
tokenId=34 fired=T11
tokenId=34 INVARIANT mode=HIGH path=T0,T1,T7,T8,T9,T10,T11 completed=true
tokenId=35 fired=T2
tokenId=104 fired=T1
tokenId=105 fired=T0
tokenId=105 fired=T1
tokenId=106 fired=T0
tokenId=35 fired=T3
tokenId=106 fired=T1
tokenId=107 fired=T0
tokenId=35 fired=T4
tokenId=35 fired=T11
tokenId=35 INVARIANT mode=MEDIUM path=T0,T1,T2,T3,T4,T11 completed=true
tokenId=36 fired=T7
tokenId=107 fired=T1
tokenId=108 fired=T0
tokenId=108 fired=T1
tokenId=109 fired=T0
tokenId=36 fired=T8
tokenId=109 fired=T1
tokenId=110 fired=T0
tokenId=36 fired=T9
tokenId=110 fired=T1
tokenId=111 fired=T0
tokenId=111 fired=T1
tokenId=112 fired=T0
tokenId=36 fired=T10
tokenId=36 fired=T11
tokenId=36 INVARIANT mode=HIGH path=T0,T1,T7,T8,T9,T10,T11 completed=true
tokenId=37 fired=T7
tokenId=112 fired=T1
tokenId=113 fired=T0
tokenId=37 fired=T8
tokenId=113 fired=T1
tokenId=114 fired=T0
tokenId=114 fired=T1
tokenId=115 fired=T0
tokenId=37 fired=T9
tokenId=115 fired=T1
tokenId=116 fired=T0
tokenId=37 fired=T10
tokenId=37 fired=T11
tokenId=37 INVARIANT mode=HIGH path=T0,T1,T7,T8,T9,T10,T11 completed=true
tokenId=38 fired=T5
tokenId=116 fired=T1
tokenId=117 fired=T0
tokenId=117 fired=T1
tokenId=118 fired=T0
tokenId=38 fired=T6
tokenId=38 fired=T11
tokenId=38 INVARIANT mode=SIMPLE path=T0,T1,T5,T6,T11 completed=true
tokenId=39 fired=T5
tokenId=118 fired=T1
tokenId=119 fired=T0
tokenId=39 fired=T6
tokenId=39 fired=T11
tokenId=39 INVARIANT mode=SIMPLE path=T0,T1,T5,T6,T11 completed=true
tokenId=40 fired=T7
tokenId=119 fired=T1
tokenId=120 fired=T0
tokenId=120 fired=T1
tokenId=121 fired=T0
tokenId=40 fired=T8
tokenId=121 fired=T1
tokenId=122 fired=T0
tokenId=122 fired=T1
tokenId=40 fired=T9
tokenId=123 fired=T0
tokenId=123 fired=T1
tokenId=124 fired=T0
tokenId=40 fired=T10
tokenId=40 fired=T11
tokenId=40 INVARIANT mode=HIGH path=T0,T1,T7,T8,T9,T10,T11 completed=true
tokenId=41 fired=T5
tokenId=124 fired=T1
tokenId=125 fired=T0
tokenId=125 fired=T1
tokenId=126 fired=T0
tokenId=41 fired=T6
tokenId=41 fired=T11
tokenId=41 INVARIANT mode=SIMPLE path=T0,T1,T5,T6,T11 completed=true
tokenId=42 fired=T2
tokenId=126 fired=T1
tokenId=127 fired=T0
tokenId=42 fired=T3
tokenId=127 fired=T1
tokenId=128 fired=T0
tokenId=128 fired=T1
tokenId=129 fired=T0
tokenId=42 fired=T4
tokenId=42 fired=T11
tokenId=42 INVARIANT mode=MEDIUM path=T0,T1,T2,T3,T4,T11 completed=true
tokenId=43 fired=T5
tokenId=129 fired=T1
tokenId=130 fired=T0
tokenId=43 fired=T6
tokenId=43 fired=T11
tokenId=43 INVARIANT mode=SIMPLE path=T0,T1,T5,T6,T11 completed=true
tokenId=44 fired=T7
tokenId=130 fired=T1
tokenId=131 fired=T0
tokenId=131 fired=T1
tokenId=132 fired=T0
tokenId=44 fired=T8
tokenId=132 fired=T1
tokenId=133 fired=T0
tokenId=44 fired=T9
tokenId=133 fired=T1
tokenId=134 fired=T0
tokenId=134 fired=T1
tokenId=135 fired=T0
tokenId=44 fired=T10
tokenId=44 fired=T11
tokenId=44 INVARIANT mode=HIGH path=T0,T1,T7,T8,T9,T10,T11 completed=true
tokenId=45 fired=T7
tokenId=135 fired=T1
tokenId=136 fired=T0
tokenId=45 fired=T8
tokenId=136 fired=T1
tokenId=137 fired=T0
tokenId=137 fired=T1
tokenId=138 fired=T0
tokenId=45 fired=T9
tokenId=138 fired=T1
tokenId=139 fired=T0
tokenId=45 fired=T10
tokenId=45 fired=T11
tokenId=45 INVARIANT mode=HIGH path=T0,T1,T7,T8,T9,T10,T11 completed=true
tokenId=46 fired=T2
tokenId=139 fired=T1
tokenId=140 fired=T0
tokenId=140 fired=T1
tokenId=141 fired=T0
tokenId=46 fired=T3
tokenId=141 fired=T1
tokenId=142 fired=T0
tokenId=46 fired=T4
tokenId=46 fired=T11
tokenId=46 INVARIANT mode=MEDIUM path=T0,T1,T2,T3,T4,T11 completed=true
tokenId=47 fired=T2
tokenId=142 fired=T1
tokenId=143 fired=T0
tokenId=143 fired=T1
tokenId=144 fired=T0
tokenId=47 fired=T3
tokenId=144 fired=T1
tokenId=145 fired=T0
tokenId=47 fired=T4
tokenId=47 fired=T11
tokenId=47 INVARIANT mode=MEDIUM path=T0,T1,T2,T3,T4,T11 completed=true
tokenId=48 fired=T7
tokenId=145 fired=T1
tokenId=146 fired=T0
tokenId=146 fired=T1
tokenId=147 fired=T0
tokenId=48 fired=T8
tokenId=147 fired=T1
tokenId=148 fired=T0
tokenId=48 fired=T9
tokenId=148 fired=T1
tokenId=149 fired=T0
tokenId=149 fired=T1
tokenId=150 fired=T0
tokenId=48 fired=T10
tokenId=48 fired=T11
tokenId=48 INVARIANT mode=HIGH path=T0,T1,T7,T8,T9,T10,T11 completed=true
tokenId=49 fired=T5
tokenId=150 fired=T1
tokenId=151 fired=T0
tokenId=151 fired=T1
tokenId=49 fired=T6
tokenId=152 fired=T0
tokenId=49 fired=T11
tokenId=49 INVARIANT mode=SIMPLE path=T0,T1,T5,T6,T11 completed=true
tokenId=50 fired=T5
tokenId=152 fired=T1
tokenId=153 fired=T0
tokenId=50 fired=T6
tokenId=50 fired=T11
tokenId=50 INVARIANT mode=SIMPLE path=T0,T1,T5,T6,T11 completed=true
tokenId=51 fired=T2
tokenId=153 fired=T1
tokenId=154 fired=T0
tokenId=154 fired=T1
tokenId=155 fired=T0
tokenId=51 fired=T3
tokenId=155 fired=T1
tokenId=156 fired=T0
tokenId=51 fired=T4
tokenId=51 fired=T11
tokenId=51 INVARIANT mode=MEDIUM path=T0,T1,T2,T3,T4,T11 completed=true
tokenId=52 fired=T5
tokenId=156 fired=T1
tokenId=157 fired=T0
tokenId=157 fired=T1
tokenId=158 fired=T0
tokenId=52 fired=T6
tokenId=52 fired=T11
tokenId=52 INVARIANT mode=SIMPLE path=T0,T1,T5,T6,T11 completed=true
tokenId=53 fired=T7
tokenId=158 fired=T1
tokenId=159 fired=T0
tokenId=53 fired=T8
tokenId=159 fired=T1
tokenId=160 fired=T0
tokenId=160 fired=T1
tokenId=161 fired=T0
tokenId=53 fired=T9
tokenId=161 fired=T1
tokenId=162 fired=T0
tokenId=53 fired=T10
tokenId=53 fired=T11
tokenId=53 INVARIANT mode=HIGH path=T0,T1,T7,T8,T9,T10,T11 completed=true
tokenId=54 fired=T2
tokenId=162 fired=T1
tokenId=163 fired=T0
tokenId=163 fired=T1
tokenId=164 fired=T0
tokenId=54 fired=T3
tokenId=164 fired=T1
tokenId=165 fired=T0
tokenId=54 fired=T4
tokenId=54 fired=T11
tokenId=54 INVARIANT mode=MEDIUM path=T0,T1,T2,T3,T4,T11 completed=true
tokenId=55 fired=T5
tokenId=165 fired=T1
tokenId=166 fired=T0
tokenId=166 fired=T1
tokenId=167 fired=T0
tokenId=55 fired=T6
tokenId=55 fired=T11
tokenId=55 INVARIANT mode=SIMPLE path=T0,T1,T5,T6,T11 completed=true
tokenId=56 fired=T5
tokenId=167 fired=T1
tokenId=168 fired=T0
tokenId=168 fired=T1
tokenId=169 fired=T0
tokenId=56 fired=T6
tokenId=56 fired=T11
tokenId=56 INVARIANT mode=SIMPLE path=T0,T1,T5,T6,T11 completed=true
tokenId=57 fired=T5
tokenId=169 fired=T1
tokenId=170 fired=T0
tokenId=57 fired=T6
tokenId=57 fired=T11
tokenId=57 INVARIANT mode=SIMPLE path=T0,T1,T5,T6,T11 completed=true
tokenId=58 fired=T7
tokenId=170 fired=T1
tokenId=171 fired=T0
tokenId=171 fired=T1
tokenId=172 fired=T0
tokenId=58 fired=T8
tokenId=172 fired=T1
tokenId=173 fired=T0
tokenId=58 fired=T9
tokenId=173 fired=T1
tokenId=174 fired=T0
tokenId=174 fired=T1
tokenId=175 fired=T0
tokenId=58 fired=T10
tokenId=58 fired=T11
tokenId=58 INVARIANT mode=HIGH path=T0,T1,T7,T8,T9,T10,T11 completed=true
tokenId=59 fired=T5
tokenId=175 fired=T1
tokenId=176 fired=T0
tokenId=176 fired=T1
tokenId=59 fired=T6
tokenId=177 fired=T0
tokenId=59 fired=T11
tokenId=59 INVARIANT mode=SIMPLE path=T0,T1,T5,T6,T11 completed=true
tokenId=60 fired=T7
tokenId=177 fired=T1
tokenId=178 fired=T0
tokenId=60 fired=T8
tokenId=178 fired=T1
tokenId=179 fired=T0
tokenId=60 fired=T9
tokenId=179 fired=T1
tokenId=180 fired=T0
tokenId=180 fired=T1
tokenId=181 fired=T0
tokenId=60 fired=T10
tokenId=60 fired=T11
tokenId=60 INVARIANT mode=HIGH path=T0,T1,T7,T8,T9,T10,T11 completed=true
tokenId=61 fired=T7
tokenId=181 fired=T1
tokenId=182 fired=T0
tokenId=61 fired=T8
tokenId=182 fired=T1
tokenId=183 fired=T0
tokenId=183 fired=T1
tokenId=184 fired=T0
tokenId=61 fired=T9
tokenId=184 fired=T1
tokenId=185 fired=T0
tokenId=61 fired=T10
tokenId=61 fired=T11
tokenId=61 INVARIANT mode=HIGH path=T0,T1,T7,T8,T9,T10,T11 completed=true
tokenId=62 fired=T2
tokenId=185 fired=T1
tokenId=186 fired=T0
tokenId=186 fired=T1
tokenId=187 fired=T0
tokenId=62 fired=T3
tokenId=187 fired=T1
tokenId=188 fired=T0
tokenId=62 fired=T4
tokenId=62 fired=T11
tokenId=62 INVARIANT mode=MEDIUM path=T0,T1,T2,T3,T4,T11 completed=true
tokenId=63 fired=T5
tokenId=188 fired=T1
tokenId=189 fired=T0
tokenId=189 fired=T1
tokenId=190 fired=T0
tokenId=63 fired=T6
tokenId=63 fired=T11
tokenId=63 INVARIANT mode=SIMPLE path=T0,T1,T5,T6,T11 completed=true
tokenId=64 fired=T5
tokenId=190 fired=T1
tokenId=191 fired=T0
tokenId=191 fired=T1
tokenId=192 fired=T0
tokenId=64 fired=T6
tokenId=64 fired=T11
tokenId=64 INVARIANT mode=SIMPLE path=T0,T1,T5,T6,T11 completed=true
tokenId=65 fired=T7
tokenId=192 fired=T1
tokenId=193 fired=T0
tokenId=65 fired=T8
tokenId=193 fired=T1
tokenId=194 fired=T0
tokenId=194 fired=T1
tokenId=195 fired=T0
tokenId=65 fired=T9
tokenId=195 fired=T1
tokenId=196 fired=T0
tokenId=65 fired=T10
tokenId=65 fired=T11
tokenId=65 INVARIANT mode=HIGH path=T0,T1,T7,T8,T9,T10,T11 completed=true
tokenId=66 fired=T2
tokenId=196 fired=T1
tokenId=197 fired=T0
tokenId=197 fired=T1
tokenId=198 fired=T0
tokenId=66 fired=T3
tokenId=198 fired=T1
tokenId=199 fired=T0
tokenId=66 fired=T4
tokenId=66 fired=T11
tokenId=66 INVARIANT mode=MEDIUM path=T0,T1,T2,T3,T4,T11 completed=true
tokenId=67 fired=T7
tokenId=199 fired=T1
tokenId=200 fired=T0
tokenId=200 fired=T1
tokenId=67 fired=T8
tokenId=67 fired=T9
tokenId=67 fired=T10
tokenId=67 fired=T11
tokenId=67 INVARIANT mode=HIGH path=T0,T1,T7,T8,T9,T10,T11 completed=true
tokenId=68 fired=T5
tokenId=68 fired=T6
tokenId=68 fired=T11
tokenId=68 INVARIANT mode=SIMPLE path=T0,T1,T5,T6,T11 completed=true
tokenId=69 fired=T2
tokenId=69 fired=T3
tokenId=69 fired=T4
tokenId=69 fired=T11
tokenId=69 INVARIANT mode=MEDIUM path=T0,T1,T2,T3,T4,T11 completed=true
tokenId=70 fired=T2
tokenId=70 fired=T3
tokenId=70 fired=T4
tokenId=70 fired=T11
tokenId=70 INVARIANT mode=MEDIUM path=T0,T1,T2,T3,T4,T11 completed=true
tokenId=71 fired=T2
tokenId=71 fired=T3
tokenId=71 fired=T4
tokenId=71 fired=T11
tokenId=71 INVARIANT mode=MEDIUM path=T0,T1,T2,T3,T4,T11 completed=true
tokenId=72 fired=T7
tokenId=72 fired=T8
tokenId=72 fired=T9
tokenId=72 fired=T10
tokenId=72 fired=T11
tokenId=72 INVARIANT mode=HIGH path=T0,T1,T7,T8,T9,T10,T11 completed=true
tokenId=73 fired=T7
tokenId=73 fired=T8
tokenId=73 fired=T9
tokenId=73 fired=T10
tokenId=73 fired=T11
tokenId=73 INVARIANT mode=HIGH path=T0,T1,T7,T8,T9,T10,T11 completed=true
tokenId=74 fired=T5
tokenId=74 fired=T6
tokenId=74 fired=T11
tokenId=74 INVARIANT mode=SIMPLE path=T0,T1,T5,T6,T11 completed=true
tokenId=75 fired=T7
tokenId=75 fired=T8
tokenId=75 fired=T9
tokenId=75 fired=T10
tokenId=75 fired=T11
tokenId=75 INVARIANT mode=HIGH path=T0,T1,T7,T8,T9,T10,T11 completed=true
tokenId=76 fired=T2
tokenId=76 fired=T3
tokenId=76 fired=T4
tokenId=76 fired=T11
tokenId=76 INVARIANT mode=MEDIUM path=T0,T1,T2,T3,T4,T11 completed=true
tokenId=77 fired=T7
tokenId=77 fired=T8
tokenId=77 fired=T9
tokenId=77 fired=T10
tokenId=77 fired=T11
tokenId=77 INVARIANT mode=HIGH path=T0,T1,T7,T8,T9,T10,T11 completed=true
tokenId=78 fired=T7
tokenId=78 fired=T8
tokenId=78 fired=T9
tokenId=78 fired=T10
tokenId=78 fired=T11
tokenId=78 INVARIANT mode=HIGH path=T0,T1,T7,T8,T9,T10,T11 completed=true
tokenId=79 fired=T5
tokenId=79 fired=T6
tokenId=79 fired=T11
tokenId=79 INVARIANT mode=SIMPLE path=T0,T1,T5,T6,T11 completed=true
tokenId=80 fired=T5
tokenId=80 fired=T6
tokenId=80 fired=T11
tokenId=80 INVARIANT mode=SIMPLE path=T0,T1,T5,T6,T11 completed=true
tokenId=81 fired=T2
tokenId=81 fired=T3
tokenId=81 fired=T4
tokenId=81 fired=T11
tokenId=81 INVARIANT mode=MEDIUM path=T0,T1,T2,T3,T4,T11 completed=true
tokenId=82 fired=T5
tokenId=82 fired=T6
tokenId=82 fired=T11
tokenId=82 INVARIANT mode=SIMPLE path=T0,T1,T5,T6,T11 completed=true
tokenId=83 fired=T2
tokenId=83 fired=T3
tokenId=83 fired=T4
tokenId=83 fired=T11
tokenId=83 INVARIANT mode=MEDIUM path=T0,T1,T2,T3,T4,T11 completed=true
tokenId=84 fired=T5
tokenId=84 fired=T6
tokenId=84 fired=T11
tokenId=84 INVARIANT mode=SIMPLE path=T0,T1,T5,T6,T11 completed=true
tokenId=85 fired=T7
tokenId=85 fired=T8
tokenId=85 fired=T9
tokenId=85 fired=T10
tokenId=85 fired=T11
tokenId=85 INVARIANT mode=HIGH path=T0,T1,T7,T8,T9,T10,T11 completed=true
tokenId=86 fired=T2
tokenId=86 fired=T3
tokenId=86 fired=T4
tokenId=86 fired=T11
tokenId=86 INVARIANT mode=MEDIUM path=T0,T1,T2,T3,T4,T11 completed=true
tokenId=87 fired=T7
tokenId=87 fired=T8
tokenId=87 fired=T9
tokenId=87 fired=T10
tokenId=87 fired=T11
tokenId=87 INVARIANT mode=HIGH path=T0,T1,T7,T8,T9,T10,T11 completed=true
tokenId=88 fired=T7
tokenId=88 fired=T8
tokenId=88 fired=T9
tokenId=88 fired=T10
tokenId=88 fired=T11
tokenId=88 INVARIANT mode=HIGH path=T0,T1,T7,T8,T9,T10,T11 completed=true
tokenId=89 fired=T2
tokenId=89 fired=T3
tokenId=89 fired=T4
tokenId=89 fired=T11
tokenId=89 INVARIANT mode=MEDIUM path=T0,T1,T2,T3,T4,T11 completed=true
tokenId=90 fired=T2
tokenId=90 fired=T3
tokenId=90 fired=T4
tokenId=90 fired=T11
tokenId=90 INVARIANT mode=MEDIUM path=T0,T1,T2,T3,T4,T11 completed=true
tokenId=91 fired=T2
tokenId=91 fired=T3
tokenId=91 fired=T4
tokenId=91 fired=T11
tokenId=91 INVARIANT mode=MEDIUM path=T0,T1,T2,T3,T4,T11 completed=true
tokenId=92 fired=T7
tokenId=92 fired=T8
tokenId=92 fired=T9
tokenId=92 fired=T10
tokenId=92 fired=T11
tokenId=92 INVARIANT mode=HIGH path=T0,T1,T7,T8,T9,T10,T11 completed=true
tokenId=93 fired=T7
tokenId=93 fired=T8
tokenId=93 fired=T9
tokenId=93 fired=T10
tokenId=93 fired=T11
tokenId=93 INVARIANT mode=HIGH path=T0,T1,T7,T8,T9,T10,T11 completed=true
tokenId=94 fired=T2
tokenId=94 fired=T3
tokenId=94 fired=T4
tokenId=94 fired=T11
tokenId=94 INVARIANT mode=MEDIUM path=T0,T1,T2,T3,T4,T11 completed=true
tokenId=95 fired=T7
tokenId=95 fired=T8
tokenId=95 fired=T9
tokenId=95 fired=T10
tokenId=95 fired=T11
tokenId=95 INVARIANT mode=HIGH path=T0,T1,T7,T8,T9,T10,T11 completed=true
tokenId=96 fired=T2
tokenId=96 fired=T3
tokenId=96 fired=T4
tokenId=96 fired=T11
tokenId=96 INVARIANT mode=MEDIUM path=T0,T1,T2,T3,T4,T11 completed=true
tokenId=97 fired=T2
tokenId=97 fired=T3
tokenId=97 fired=T4
tokenId=97 fired=T11
tokenId=97 INVARIANT mode=MEDIUM path=T0,T1,T2,T3,T4,T11 completed=true
tokenId=98 fired=T5
tokenId=98 fired=T6
tokenId=98 fired=T11
tokenId=98 INVARIANT mode=SIMPLE path=T0,T1,T5,T6,T11 completed=true
tokenId=99 fired=T5
tokenId=99 fired=T6
tokenId=99 fired=T11
tokenId=99 INVARIANT mode=SIMPLE path=T0,T1,T5,T6,T11 completed=true
tokenId=100 fired=T2
tokenId=100 fired=T3
tokenId=100 fired=T4
tokenId=100 fired=T11
tokenId=100 INVARIANT mode=MEDIUM path=T0,T1,T2,T3,T4,T11 completed=true
tokenId=101 fired=T5
tokenId=101 fired=T6
tokenId=101 fired=T11
tokenId=101 INVARIANT mode=SIMPLE path=T0,T1,T5,T6,T11 completed=true
tokenId=102 fired=T2
tokenId=102 fired=T3
tokenId=102 fired=T4
tokenId=102 fired=T11
tokenId=102 INVARIANT mode=MEDIUM path=T0,T1,T2,T3,T4,T11 completed=true
tokenId=103 fired=T2
tokenId=103 fired=T3
tokenId=103 fired=T4
tokenId=103 fired=T11
tokenId=103 INVARIANT mode=MEDIUM path=T0,T1,T2,T3,T4,T11 completed=true
tokenId=104 fired=T7
tokenId=104 fired=T8
tokenId=104 fired=T9
tokenId=104 fired=T10
tokenId=104 fired=T11
tokenId=104 INVARIANT mode=HIGH path=T0,T1,T7,T8,T9,T10,T11 completed=true
tokenId=105 fired=T5
tokenId=105 fired=T6
tokenId=105 fired=T11
tokenId=105 INVARIANT mode=SIMPLE path=T0,T1,T5,T6,T11 completed=true
tokenId=106 fired=T2
tokenId=106 fired=T3
tokenId=106 fired=T4
tokenId=106 fired=T11
tokenId=106 INVARIANT mode=MEDIUM path=T0,T1,T2,T3,T4,T11 completed=true
tokenId=107 fired=T5
tokenId=107 fired=T6
tokenId=107 fired=T11
tokenId=107 INVARIANT mode=SIMPLE path=T0,T1,T5,T6,T11 completed=true
tokenId=108 fired=T5
tokenId=108 fired=T6
tokenId=108 fired=T11
tokenId=108 INVARIANT mode=SIMPLE path=T0,T1,T5,T6,T11 completed=true
tokenId=109 fired=T7
tokenId=109 fired=T8
tokenId=109 fired=T9
tokenId=109 fired=T10
tokenId=109 fired=T11
tokenId=109 INVARIANT mode=HIGH path=T0,T1,T7,T8,T9,T10,T11 completed=true
tokenId=110 fired=T7
tokenId=110 fired=T8
tokenId=110 fired=T9
tokenId=110 fired=T10
tokenId=110 fired=T11
tokenId=110 INVARIANT mode=HIGH path=T0,T1,T7,T8,T9,T10,T11 completed=true
tokenId=111 fired=T7
tokenId=111 fired=T8
tokenId=111 fired=T9
tokenId=111 fired=T10
tokenId=111 fired=T11
tokenId=111 INVARIANT mode=HIGH path=T0,T1,T7,T8,T9,T10,T11 completed=true
tokenId=112 fired=T5
tokenId=112 fired=T6
tokenId=112 fired=T11
tokenId=112 INVARIANT mode=SIMPLE path=T0,T1,T5,T6,T11 completed=true
tokenId=113 fired=T7
tokenId=113 fired=T8
tokenId=113 fired=T9
tokenId=113 fired=T10
tokenId=113 fired=T11
tokenId=113 INVARIANT mode=HIGH path=T0,T1,T7,T8,T9,T10,T11 completed=true
tokenId=114 fired=T5
tokenId=114 fired=T6
tokenId=114 fired=T11
tokenId=114 INVARIANT mode=SIMPLE path=T0,T1,T5,T6,T11 completed=true
tokenId=115 fired=T7
tokenId=115 fired=T8
tokenId=115 fired=T9
tokenId=115 fired=T10
tokenId=115 fired=T11
tokenId=115 INVARIANT mode=HIGH path=T0,T1,T7,T8,T9,T10,T11 completed=true
tokenId=116 fired=T5
tokenId=116 fired=T6
tokenId=116 fired=T11
tokenId=116 INVARIANT mode=SIMPLE path=T0,T1,T5,T6,T11 completed=true
tokenId=117 fired=T5
tokenId=117 fired=T6
tokenId=117 fired=T11
tokenId=117 INVARIANT mode=SIMPLE path=T0,T1,T5,T6,T11 completed=true
tokenId=118 fired=T5
tokenId=118 fired=T6
tokenId=118 fired=T11
tokenId=118 INVARIANT mode=SIMPLE path=T0,T1,T5,T6,T11 completed=true
tokenId=119 fired=T2
tokenId=119 fired=T3
tokenId=119 fired=T4
tokenId=119 fired=T11
tokenId=119 INVARIANT mode=MEDIUM path=T0,T1,T2,T3,T4,T11 completed=true
tokenId=120 fired=T2
tokenId=120 fired=T3
tokenId=120 fired=T4
tokenId=120 fired=T11
tokenId=120 INVARIANT mode=MEDIUM path=T0,T1,T2,T3,T4,T11 completed=true
tokenId=121 fired=T2
tokenId=121 fired=T3
tokenId=121 fired=T4
tokenId=121 fired=T11
tokenId=121 INVARIANT mode=MEDIUM path=T0,T1,T2,T3,T4,T11 completed=true
tokenId=122 fired=T2
tokenId=122 fired=T3
tokenId=122 fired=T4
tokenId=122 fired=T11
tokenId=122 INVARIANT mode=MEDIUM path=T0,T1,T2,T3,T4,T11 completed=true
tokenId=123 fired=T2
tokenId=123 fired=T3
tokenId=123 fired=T4
tokenId=123 fired=T11
tokenId=123 INVARIANT mode=MEDIUM path=T0,T1,T2,T3,T4,T11 completed=true
tokenId=124 fired=T2
tokenId=124 fired=T3
tokenId=124 fired=T4
tokenId=124 fired=T11
tokenId=124 INVARIANT mode=MEDIUM path=T0,T1,T2,T3,T4,T11 completed=true
tokenId=125 fired=T5
tokenId=125 fired=T6
tokenId=125 fired=T11
tokenId=125 INVARIANT mode=SIMPLE path=T0,T1,T5,T6,T11 completed=true
tokenId=126 fired=T5
tokenId=126 fired=T6
tokenId=126 fired=T11
tokenId=126 INVARIANT mode=SIMPLE path=T0,T1,T5,T6,T11 completed=true
tokenId=127 fired=T2
tokenId=127 fired=T3
tokenId=127 fired=T4
tokenId=127 fired=T11
tokenId=127 INVARIANT mode=MEDIUM path=T0,T1,T2,T3,T4,T11 completed=true
tokenId=128 fired=T2
tokenId=128 fired=T3
tokenId=128 fired=T4
tokenId=128 fired=T11
tokenId=128 INVARIANT mode=MEDIUM path=T0,T1,T2,T3,T4,T11 completed=true
tokenId=129 fired=T7
tokenId=129 fired=T8
tokenId=129 fired=T9
tokenId=129 fired=T10
tokenId=129 fired=T11
tokenId=129 INVARIANT mode=HIGH path=T0,T1,T7,T8,T9,T10,T11 completed=true
tokenId=130 fired=T2
tokenId=130 fired=T3
tokenId=130 fired=T4
tokenId=130 fired=T11
tokenId=130 INVARIANT mode=MEDIUM path=T0,T1,T2,T3,T4,T11 completed=true
tokenId=131 fired=T5
tokenId=131 fired=T6
tokenId=131 fired=T11
tokenId=131 INVARIANT mode=SIMPLE path=T0,T1,T5,T6,T11 completed=true
tokenId=132 fired=T7
tokenId=132 fired=T8
tokenId=132 fired=T9
tokenId=132 fired=T10
tokenId=132 fired=T11
tokenId=132 INVARIANT mode=HIGH path=T0,T1,T7,T8,T9,T10,T11 completed=true
tokenId=133 fired=T5
tokenId=133 fired=T6
tokenId=133 fired=T11
tokenId=133 INVARIANT mode=SIMPLE path=T0,T1,T5,T6,T11 completed=true
tokenId=134 fired=T5
tokenId=134 fired=T6
tokenId=134 fired=T11
tokenId=134 INVARIANT mode=SIMPLE path=T0,T1,T5,T6,T11 completed=true
tokenId=135 fired=T5
tokenId=135 fired=T6
tokenId=135 fired=T11
tokenId=135 INVARIANT mode=SIMPLE path=T0,T1,T5,T6,T11 completed=true
tokenId=136 fired=T5
tokenId=136 fired=T6
tokenId=136 fired=T11
tokenId=136 INVARIANT mode=SIMPLE path=T0,T1,T5,T6,T11 completed=true
tokenId=137 fired=T7
tokenId=137 fired=T8
tokenId=137 fired=T9
tokenId=137 fired=T10
tokenId=137 fired=T11
tokenId=137 INVARIANT mode=HIGH path=T0,T1,T7,T8,T9,T10,T11 completed=true
tokenId=138 fired=T2
tokenId=138 fired=T3
tokenId=138 fired=T4
tokenId=138 fired=T11
tokenId=138 INVARIANT mode=MEDIUM path=T0,T1,T2,T3,T4,T11 completed=true
tokenId=139 fired=T7
tokenId=139 fired=T8
tokenId=139 fired=T9
tokenId=139 fired=T10
tokenId=139 fired=T11
tokenId=139 INVARIANT mode=HIGH path=T0,T1,T7,T8,T9,T10,T11 completed=true
tokenId=140 fired=T2
tokenId=140 fired=T3
tokenId=140 fired=T4
tokenId=140 fired=T11
tokenId=140 INVARIANT mode=MEDIUM path=T0,T1,T2,T3,T4,T11 completed=true
tokenId=141 fired=T2
tokenId=141 fired=T3
tokenId=141 fired=T4
tokenId=141 fired=T11
tokenId=141 INVARIANT mode=MEDIUM path=T0,T1,T2,T3,T4,T11 completed=true
tokenId=142 fired=T2
tokenId=142 fired=T3
tokenId=142 fired=T4
tokenId=142 fired=T11
tokenId=142 INVARIANT mode=MEDIUM path=T0,T1,T2,T3,T4,T11 completed=true
tokenId=143 fired=T5
tokenId=143 fired=T6
tokenId=143 fired=T11
tokenId=143 INVARIANT mode=SIMPLE path=T0,T1,T5,T6,T11 completed=true
tokenId=144 fired=T7
tokenId=144 fired=T8
tokenId=144 fired=T9
tokenId=144 fired=T10
tokenId=144 fired=T11
tokenId=144 INVARIANT mode=HIGH path=T0,T1,T7,T8,T9,T10,T11 completed=true
tokenId=145 fired=T5
tokenId=145 fired=T6
tokenId=145 fired=T11
tokenId=145 INVARIANT mode=SIMPLE path=T0,T1,T5,T6,T11 completed=true
tokenId=146 fired=T2
tokenId=146 fired=T3
tokenId=146 fired=T4
tokenId=146 fired=T11
tokenId=146 INVARIANT mode=MEDIUM path=T0,T1,T2,T3,T4,T11 completed=true
tokenId=147 fired=T2
tokenId=147 fired=T3
tokenId=147 fired=T4
tokenId=147 fired=T11
tokenId=147 INVARIANT mode=MEDIUM path=T0,T1,T2,T3,T4,T11 completed=true
tokenId=148 fired=T2
tokenId=148 fired=T3
tokenId=148 fired=T4
tokenId=148 fired=T11
tokenId=148 INVARIANT mode=MEDIUM path=T0,T1,T2,T3,T4,T11 completed=true
tokenId=149 fired=T2
tokenId=149 fired=T3
tokenId=149 fired=T4
tokenId=149 fired=T11
tokenId=149 INVARIANT mode=MEDIUM path=T0,T1,T2,T3,T4,T11 completed=true
tokenId=150 fired=T2
tokenId=150 fired=T3
tokenId=150 fired=T4
tokenId=150 fired=T11
tokenId=150 INVARIANT mode=MEDIUM path=T0,T1,T2,T3,T4,T11 completed=true
tokenId=151 fired=T2
tokenId=151 fired=T3
tokenId=151 fired=T4
tokenId=151 fired=T11
tokenId=151 INVARIANT mode=MEDIUM path=T0,T1,T2,T3,T4,T11 completed=true
tokenId=152 fired=T5
tokenId=152 fired=T6
tokenId=152 fired=T11
tokenId=152 INVARIANT mode=SIMPLE path=T0,T1,T5,T6,T11 completed=true
tokenId=153 fired=T7
tokenId=153 fired=T8
tokenId=153 fired=T9
tokenId=153 fired=T10
tokenId=153 fired=T11
tokenId=153 INVARIANT mode=HIGH path=T0,T1,T7,T8,T9,T10,T11 completed=true
tokenId=154 fired=T2
tokenId=154 fired=T3
tokenId=154 fired=T4
tokenId=154 fired=T11
tokenId=154 INVARIANT mode=MEDIUM path=T0,T1,T2,T3,T4,T11 completed=true
tokenId=155 fired=T7
tokenId=155 fired=T8
tokenId=155 fired=T9
tokenId=155 fired=T10
tokenId=155 fired=T11
tokenId=155 INVARIANT mode=HIGH path=T0,T1,T7,T8,T9,T10,T11 completed=true
tokenId=156 fired=T2
tokenId=156 fired=T3
tokenId=156 fired=T4
tokenId=156 fired=T11
tokenId=156 INVARIANT mode=MEDIUM path=T0,T1,T2,T3,T4,T11 completed=true
tokenId=157 fired=T2
tokenId=157 fired=T3
tokenId=157 fired=T4
tokenId=157 fired=T11
tokenId=157 INVARIANT mode=MEDIUM path=T0,T1,T2,T3,T4,T11 completed=true
tokenId=158 fired=T7
tokenId=158 fired=T8
tokenId=158 fired=T9
tokenId=158 fired=T10
tokenId=158 fired=T11
tokenId=158 INVARIANT mode=HIGH path=T0,T1,T7,T8,T9,T10,T11 completed=true
tokenId=159 fired=T5
tokenId=159 fired=T6
tokenId=159 fired=T11
tokenId=159 INVARIANT mode=SIMPLE path=T0,T1,T5,T6,T11 completed=true
tokenId=160 fired=T5
tokenId=160 fired=T6
tokenId=160 fired=T11
tokenId=160 INVARIANT mode=SIMPLE path=T0,T1,T5,T6,T11 completed=true
tokenId=161 fired=T5
tokenId=161 fired=T6
tokenId=161 fired=T11
tokenId=161 INVARIANT mode=SIMPLE path=T0,T1,T5,T6,T11 completed=true
tokenId=162 fired=T7
tokenId=162 fired=T8
tokenId=162 fired=T9
tokenId=162 fired=T10
tokenId=162 fired=T11
tokenId=162 INVARIANT mode=HIGH path=T0,T1,T7,T8,T9,T10,T11 completed=true
tokenId=163 fired=T5
tokenId=163 fired=T6
tokenId=163 fired=T11
tokenId=163 INVARIANT mode=SIMPLE path=T0,T1,T5,T6,T11 completed=true
tokenId=164 fired=T2
tokenId=164 fired=T3
tokenId=164 fired=T4
tokenId=164 fired=T11
tokenId=164 INVARIANT mode=MEDIUM path=T0,T1,T2,T3,T4,T11 completed=true
tokenId=165 fired=T2
tokenId=165 fired=T3
tokenId=165 fired=T4
tokenId=165 fired=T11
tokenId=165 INVARIANT mode=MEDIUM path=T0,T1,T2,T3,T4,T11 completed=true
tokenId=166 fired=T7
tokenId=166 fired=T8
tokenId=166 fired=T9
tokenId=166 fired=T10
tokenId=166 fired=T11
tokenId=166 INVARIANT mode=HIGH path=T0,T1,T7,T8,T9,T10,T11 completed=true
tokenId=167 fired=T7
tokenId=167 fired=T8
tokenId=167 fired=T9
tokenId=167 fired=T10
tokenId=167 fired=T11
tokenId=167 INVARIANT mode=HIGH path=T0,T1,T7,T8,T9,T10,T11 completed=true
tokenId=168 fired=T7
tokenId=168 fired=T8
tokenId=168 fired=T9
tokenId=168 fired=T10
tokenId=168 fired=T11
tokenId=168 INVARIANT mode=HIGH path=T0,T1,T7,T8,T9,T10,T11 completed=true
tokenId=169 fired=T7
tokenId=169 fired=T8
tokenId=169 fired=T9
tokenId=169 fired=T10
tokenId=169 fired=T11
tokenId=169 INVARIANT mode=HIGH path=T0,T1,T7,T8,T9,T10,T11 completed=true
tokenId=170 fired=T7
tokenId=170 fired=T8
tokenId=170 fired=T9
tokenId=170 fired=T10
tokenId=170 fired=T11
tokenId=170 INVARIANT mode=HIGH path=T0,T1,T7,T8,T9,T10,T11 completed=true
tokenId=171 fired=T2
tokenId=171 fired=T3
tokenId=171 fired=T4
tokenId=171 fired=T11
tokenId=171 INVARIANT mode=MEDIUM path=T0,T1,T2,T3,T4,T11 completed=true
tokenId=172 fired=T7
tokenId=172 fired=T8
tokenId=172 fired=T9
tokenId=172 fired=T10
tokenId=172 fired=T11
tokenId=172 INVARIANT mode=HIGH path=T0,T1,T7,T8,T9,T10,T11 completed=true
tokenId=173 fired=T7
tokenId=173 fired=T8
tokenId=173 fired=T9
tokenId=173 fired=T10
tokenId=173 fired=T11
tokenId=173 INVARIANT mode=HIGH path=T0,T1,T7,T8,T9,T10,T11 completed=true
tokenId=174 fired=T5
tokenId=174 fired=T6
tokenId=174 fired=T11
tokenId=174 INVARIANT mode=SIMPLE path=T0,T1,T5,T6,T11 completed=true
tokenId=175 fired=T7
tokenId=175 fired=T8
tokenId=175 fired=T9
tokenId=175 fired=T10
tokenId=175 fired=T11
tokenId=175 INVARIANT mode=HIGH path=T0,T1,T7,T8,T9,T10,T11 completed=true
tokenId=176 fired=T5
tokenId=176 fired=T6
tokenId=176 fired=T11
tokenId=176 INVARIANT mode=SIMPLE path=T0,T1,T5,T6,T11 completed=true
tokenId=177 fired=T2
tokenId=177 fired=T3
tokenId=177 fired=T4
tokenId=177 fired=T11
tokenId=177 INVARIANT mode=MEDIUM path=T0,T1,T2,T3,T4,T11 completed=true
tokenId=178 fired=T7
tokenId=178 fired=T8
tokenId=178 fired=T9
tokenId=178 fired=T10
tokenId=178 fired=T11
tokenId=178 INVARIANT mode=HIGH path=T0,T1,T7,T8,T9,T10,T11 completed=true
tokenId=179 fired=T7
tokenId=179 fired=T8
tokenId=179 fired=T9
tokenId=179 fired=T10
tokenId=179 fired=T11
tokenId=179 INVARIANT mode=HIGH path=T0,T1,T7,T8,T9,T10,T11 completed=true
tokenId=180 fired=T5
tokenId=180 fired=T6
tokenId=180 fired=T11
tokenId=180 INVARIANT mode=SIMPLE path=T0,T1,T5,T6,T11 completed=true
tokenId=181 fired=T7
tokenId=181 fired=T8
tokenId=181 fired=T9
tokenId=181 fired=T10
tokenId=181 fired=T11
tokenId=181 INVARIANT mode=HIGH path=T0,T1,T7,T8,T9,T10,T11 completed=true
tokenId=182 fired=T5
tokenId=182 fired=T6
tokenId=182 fired=T11
tokenId=182 INVARIANT mode=SIMPLE path=T0,T1,T5,T6,T11 completed=true
tokenId=183 fired=T7
tokenId=183 fired=T8
tokenId=183 fired=T9
tokenId=183 fired=T10
tokenId=183 fired=T11
tokenId=183 INVARIANT mode=HIGH path=T0,T1,T7,T8,T9,T10,T11 completed=true
tokenId=184 fired=T7
tokenId=184 fired=T8
tokenId=184 fired=T9
tokenId=184 fired=T10
tokenId=184 fired=T11
tokenId=184 INVARIANT mode=HIGH path=T0,T1,T7,T8,T9,T10,T11 completed=true
tokenId=185 fired=T2
tokenId=185 fired=T3
tokenId=185 fired=T4
tokenId=185 fired=T11
tokenId=185 INVARIANT mode=MEDIUM path=T0,T1,T2,T3,T4,T11 completed=true
tokenId=186 fired=T5
tokenId=186 fired=T6
tokenId=186 fired=T11
tokenId=186 INVARIANT mode=SIMPLE path=T0,T1,T5,T6,T11 completed=true
tokenId=187 fired=T5
tokenId=187 fired=T6
tokenId=187 fired=T11
tokenId=187 INVARIANT mode=SIMPLE path=T0,T1,T5,T6,T11 completed=true
tokenId=188 fired=T5
tokenId=188 fired=T6
tokenId=188 fired=T11
tokenId=188 INVARIANT mode=SIMPLE path=T0,T1,T5,T6,T11 completed=true
tokenId=189 fired=T5
tokenId=189 fired=T6
tokenId=189 fired=T11
tokenId=189 INVARIANT mode=SIMPLE path=T0,T1,T5,T6,T11 completed=true
tokenId=190 fired=T5
tokenId=190 fired=T6
tokenId=190 fired=T11
tokenId=190 INVARIANT mode=SIMPLE path=T0,T1,T5,T6,T11 completed=true
tokenId=191 fired=T2
tokenId=191 fired=T3
tokenId=191 fired=T4
tokenId=191 fired=T11
tokenId=191 INVARIANT mode=MEDIUM path=T0,T1,T2,T3,T4,T11 completed=true
tokenId=192 fired=T5
tokenId=192 fired=T6
tokenId=192 fired=T11
tokenId=192 INVARIANT mode=SIMPLE path=T0,T1,T5,T6,T11 completed=true
tokenId=193 fired=T5
tokenId=193 fired=T6
tokenId=193 fired=T11
tokenId=193 INVARIANT mode=SIMPLE path=T0,T1,T5,T6,T11 completed=true
tokenId=194 fired=T7
tokenId=194 fired=T8
tokenId=194 fired=T9
tokenId=194 fired=T10
tokenId=194 fired=T11
tokenId=194 INVARIANT mode=HIGH path=T0,T1,T7,T8,T9,T10,T11 completed=true
tokenId=195 fired=T7
tokenId=195 fired=T8
tokenId=195 fired=T9
tokenId=195 fired=T10
tokenId=195 fired=T11
tokenId=195 INVARIANT mode=HIGH path=T0,T1,T7,T8,T9,T10,T11 completed=true
tokenId=196 fired=T2
tokenId=196 fired=T3
tokenId=196 fired=T4
tokenId=196 fired=T11
tokenId=196 INVARIANT mode=MEDIUM path=T0,T1,T2,T3,T4,T11 completed=true
tokenId=197 fired=T7
tokenId=197 fired=T8
tokenId=197 fired=T9
tokenId=197 fired=T10
tokenId=197 fired=T11
tokenId=197 INVARIANT mode=HIGH path=T0,T1,T7,T8,T9,T10,T11 completed=true
tokenId=198 fired=T2
tokenId=198 fired=T3
tokenId=198 fired=T4
tokenId=198 fired=T11
tokenId=198 INVARIANT mode=MEDIUM path=T0,T1,T2,T3,T4,T11 completed=true
tokenId=199 fired=T7
tokenId=199 fired=T8
tokenId=199 fired=T9
tokenId=199 fired=T10
tokenId=199 fired=T11
tokenId=199 INVARIANT mode=HIGH path=T0,T1,T7,T8,T9,T10,T11 completed=true
tokenId=200 fired=T5
tokenId=200 fired=T6
tokenId=200 fired=T11
tokenId=200 INVARIANT mode=SIMPLE path=T0,T1,T5,T6,T11 completed=true

SUMMARY completed=200 medium=66 simple=68 high=66 invariantOk=true timeMillis=37005
